Component: ARM Compiler 5.06 update 4 (build 422) Tool: armlink [4d35d2]

==============================================================================

Section Cross References

    system_stm32f10x.o(i.SetSysClock) refers to system_stm32f10x.o(i.SetSysClockTo72) for SetSysClockTo72
    system_stm32f10x.o(i.SystemCoreClockUpdate) refers to system_stm32f10x.o(.data) for SystemCoreClock
    system_stm32f10x.o(i.SystemInit) refers to system_stm32f10x.o(i.SetSysClock) for SetSysClock
    startup_stm32f10x_md.o(RESET) refers to startup_stm32f10x_md.o(STACK) for __initial_sp
    startup_stm32f10x_md.o(RESET) refers to startup_stm32f10x_md.o(.text) for Reset_Handler
    startup_stm32f10x_md.o(RESET) refers to stm32f10x_it.o(i.NMI_Handler) for NMI_Handler
    startup_stm32f10x_md.o(RESET) refers to stm32f10x_it.o(i.HardFault_Handler) for HardFault_Handler
    startup_stm32f10x_md.o(RESET) refers to stm32f10x_it.o(i.MemManage_Handler) for MemManage_Handler
    startup_stm32f10x_md.o(RESET) refers to stm32f10x_it.o(i.BusFault_Handler) for BusFault_Handler
    startup_stm32f10x_md.o(RESET) refers to stm32f10x_it.o(i.UsageFault_Handler) for UsageFault_Handler
    startup_stm32f10x_md.o(RESET) refers to stm32f10x_it.o(i.SVC_Handler) for SVC_Handler
    startup_stm32f10x_md.o(RESET) refers to stm32f10x_it.o(i.DebugMon_Handler) for DebugMon_Handler
    startup_stm32f10x_md.o(RESET) refers to stm32f10x_it.o(i.PendSV_Handler) for PendSV_Handler
    startup_stm32f10x_md.o(RESET) refers to stm32f10x_it.o(i.SysTick_Handler) for SysTick_Handler
    startup_stm32f10x_md.o(RESET) refers to timer.o(i.TIM4_IRQHandler) for TIM4_IRQHandler
    startup_stm32f10x_md.o(RESET) refers to usart.o(i.USART1_IRQHandler) for USART1_IRQHandler
    startup_stm32f10x_md.o(.text) refers to system_stm32f10x.o(i.SystemInit) for SystemInit
    startup_stm32f10x_md.o(.text) refers to entry.o(.ARM.Collect$$$$00000000) for __main
    stm32f10x_adc.o(i.ADC_DeInit) refers to stm32f10x_rcc.o(i.RCC_APB2PeriphResetCmd) for RCC_APB2PeriphResetCmd
    stm32f10x_bkp.o(i.BKP_DeInit) refers to stm32f10x_rcc.o(i.RCC_BackupResetCmd) for RCC_BackupResetCmd
    stm32f10x_can.o(i.CAN_DeInit) refers to stm32f10x_rcc.o(i.RCC_APB1PeriphResetCmd) for RCC_APB1PeriphResetCmd
    stm32f10x_can.o(i.CAN_GetITStatus) refers to stm32f10x_can.o(i.CheckITStatus) for CheckITStatus
    stm32f10x_cec.o(i.CEC_DeInit) refers to stm32f10x_rcc.o(i.RCC_APB1PeriphResetCmd) for RCC_APB1PeriphResetCmd
    stm32f10x_dac.o(i.DAC_DeInit) refers to stm32f10x_rcc.o(i.RCC_APB1PeriphResetCmd) for RCC_APB1PeriphResetCmd
    stm32f10x_flash.o(i.FLASH_EnableWriteProtection) refers to stm32f10x_flash.o(i.FLASH_WaitForLastOperation) for FLASH_WaitForLastOperation
    stm32f10x_flash.o(i.FLASH_EraseAllBank1Pages) refers to stm32f10x_flash.o(i.FLASH_WaitForLastBank1Operation) for FLASH_WaitForLastBank1Operation
    stm32f10x_flash.o(i.FLASH_EraseAllPages) refers to stm32f10x_flash.o(i.FLASH_WaitForLastOperation) for FLASH_WaitForLastOperation
    stm32f10x_flash.o(i.FLASH_EraseOptionBytes) refers to stm32f10x_flash.o(i.FLASH_GetReadOutProtectionStatus) for FLASH_GetReadOutProtectionStatus
    stm32f10x_flash.o(i.FLASH_EraseOptionBytes) refers to stm32f10x_flash.o(i.FLASH_WaitForLastOperation) for FLASH_WaitForLastOperation
    stm32f10x_flash.o(i.FLASH_ErasePage) refers to stm32f10x_flash.o(i.FLASH_WaitForLastOperation) for FLASH_WaitForLastOperation
    stm32f10x_flash.o(i.FLASH_ProgramHalfWord) refers to stm32f10x_flash.o(i.FLASH_WaitForLastOperation) for FLASH_WaitForLastOperation
    stm32f10x_flash.o(i.FLASH_ProgramOptionByteData) refers to stm32f10x_flash.o(i.FLASH_WaitForLastOperation) for FLASH_WaitForLastOperation
    stm32f10x_flash.o(i.FLASH_ProgramWord) refers to stm32f10x_flash.o(i.FLASH_WaitForLastOperation) for FLASH_WaitForLastOperation
    stm32f10x_flash.o(i.FLASH_ReadOutProtection) refers to stm32f10x_flash.o(i.FLASH_WaitForLastOperation) for FLASH_WaitForLastOperation
    stm32f10x_flash.o(i.FLASH_UserOptionByteConfig) refers to stm32f10x_flash.o(i.FLASH_WaitForLastOperation) for FLASH_WaitForLastOperation
    stm32f10x_flash.o(i.FLASH_WaitForLastBank1Operation) refers to stm32f10x_flash.o(i.FLASH_GetBank1Status) for FLASH_GetBank1Status
    stm32f10x_flash.o(i.FLASH_WaitForLastOperation) refers to stm32f10x_flash.o(i.FLASH_GetBank1Status) for FLASH_GetBank1Status
    stm32f10x_gpio.o(i.GPIO_AFIODeInit) refers to stm32f10x_rcc.o(i.RCC_APB2PeriphResetCmd) for RCC_APB2PeriphResetCmd
    stm32f10x_gpio.o(i.GPIO_DeInit) refers to stm32f10x_rcc.o(i.RCC_APB2PeriphResetCmd) for RCC_APB2PeriphResetCmd
    stm32f10x_i2c.o(i.I2C_DeInit) refers to stm32f10x_rcc.o(i.RCC_APB1PeriphResetCmd) for RCC_APB1PeriphResetCmd
    stm32f10x_i2c.o(i.I2C_Init) refers to stm32f10x_rcc.o(i.RCC_GetClocksFreq) for RCC_GetClocksFreq
    stm32f10x_pwr.o(i.PWR_DeInit) refers to stm32f10x_rcc.o(i.RCC_APB1PeriphResetCmd) for RCC_APB1PeriphResetCmd
[...]
    ../clib/microlib/ctype/ctype.c           0x00000000   Number         0  isprint_o.o ABSOLUTE
    ../clib/microlib/ctype/ctype.c           0x00000000   Number         0  iscntrl_o.o ABSOLUTE
    ../clib/microlib/ctype/ctype.c           0x00000000   Number         0  isupper_o.o ABSOLUTE
    ../clib/microlib/ctype/ctype.c           0x00000000   Number         0  ispunct_o.o ABSOLUTE
    ../clib/microlib/ctype/ctype.c           0x00000000   Number         0  isdigit_o.o ABSOLUTE
    ../clib/microlib/ctype/ctype.c           0x00000000   Number         0  isxdigit_o.o ABSOLUTE
    ../clib/microlib/ctype/ctype.c           0x00000000   Number         0  isspace_o.o ABSOLUTE
    ../clib/microlib/division.c              0x00000000   Number         0  uidiv.o ABSOLUTE
    ../clib/microlib/division.c              0x00000000   Number         0  uldiv.o ABSOLUTE
    ../clib/microlib/errno.c                 0x00000000   Number         0  errno.o ABSOLUTE
    ../clib/microlib/init/entry.s            0x00000000   Number         0  entry.o ABSOLUTE
    ../clib/microlib/init/entry.s            0x00000000   Number         0  entry2.o ABSOLUTE
    ../clib/microlib/init/entry.s            0x00000000   Number         0  entry5.o ABSOLUTE
    ../clib/microlib/init/entry.s            0x00000000   Number         0  entry7a.o ABSOLUTE
    ../clib/microlib/init/entry.s            0x00000000   Number         0  entry7b.o ABSOLUTE
    ../clib/microlib/init/entry.s            0x00000000   Number         0  entry8a.o ABSOLUTE
    ../clib/microlib/init/entry.s            0x00000000   Number         0  entry8b.o ABSOLUTE
    ../clib/microlib/init/entry.s            0x00000000   Number         0  entry9a.o ABSOLUTE
    ../clib/microlib/init/entry.s            0x00000000   Number         0  entry9b.o ABSOLUTE
    ../clib/microlib/init/entry.s            0x00000000   Number         0  entry10a.o ABSOLUTE
    ../clib/microlib/init/entry.s            0x00000000   Number         0  entry10b.o ABSOLUTE
    ../clib/microlib/init/entry.s            0x00000000   Number         0  entry11a.o ABSOLUTE
    ../clib/microlib/init/entry.s            0x00000000   Number         0  entry11b.o ABSOLUTE
    ../clib/microlib/longlong.c              0x00000000   Number         0  llshl.o ABSOLUTE
    ../clib/microlib/longlong.c              0x00000000   Number         0  llushr.o ABSOLUTE
    ../clib/microlib/longlong.c              0x00000000   Number         0  llsshr.o ABSOLUTE
    ../clib/microlib/printf/printf.c         0x00000000   Number         0  printf6.o ABSOLUTE
    ../clib/microlib/printf/printf.c         0x00000000   Number         0  printf4.o ABSOLUTE
    ../clib/microlib/printf/printf.c         0x00000000   Number         0  printf3.o ABSOLUTE
    ../clib/microlib/printf/printf.c         0x00000000   Number         0  printf2.o ABSOLUTE
    ../clib/microlib/printf/printf.c         0x00000000   Number         0  printf1.o ABSOLUTE
    ../clib/microlib/printf/printf.c         0x00000000   Number         0  printf0.o ABSOLUTE
    ../clib/microlib/printf/printf.c         0x00000000   Number         0  printfb.o ABSOLUTE
    ../clib/microlib/printf/printf.c         0x00000000   Number         0  printf5.o ABSOLUTE
    ../clib/microlib/printf/printf.c         0x00000000   Number         0  printfa.o ABSOLUTE
    ../clib/microlib/printf/printf.c         0x00000000   Number         0  printf8.o ABSOLUTE
    ../clib/microlib/printf/printf.c         0x00000000   Number         0  printf7.o ABSOLUTE
    ../clib/microlib/printf/stubs.s          0x00000000   Number         0  stubs.o ABSOLUTE
    ../clib/microlib/stubs.s                 0x00000000   Number         0  iusefp.o ABSOLUTE
    ../clib/microlib/stubs.s                 0x00000000   Number         0  useno.o ABSOLUTE
    ../clib/scanf.c                          0x00000000   Number         0  atoi.o ABSOLUTE
    ../clib/scanf.c                          0x00000000   Number         0  strtol.o ABSOLUTE
    ../clib/scanf.c                          0x00000000   Number         0  _strtoul.o ABSOLUTE
    ../clib/scanf.c                          0x00000000   Number         0  _chval.o ABSOLUTE
    ../fplib/microlib/d2f.c                  0x00000000   Number         0  d2f.o ABSOLUTE
    ../fplib/microlib/f2d.c                  0x00000000   Number         0  f2d.o ABSOLUTE
    ../fplib/microlib/fpadd.c                0x00000000   Number         0  dadd.o ABSOLUTE
    ../fplib/microlib/fpadd.c                0x00000000   Number         0  fadd.o ABSOLUTE
    ../fplib/microlib/fpcmp4.c               0x00000000   Number         0  dcmp4.o ABSOLUTE
    ../fplib/microlib/fpdiv.c                0x00000000   Number         0  ddiv.o ABSOLUTE
    ../fplib/microlib/fpdiv.c                0x00000000   Number         0  fdiv.o ABSOLUTE
    ../fplib/microlib/fpepilogue.c           0x00000000   Number         0  depilogue.o ABSOLUTE
    ../fplib/microlib/fpepilogue.c           0x00000000   Number         0  fepilogue.o ABSOLUTE
    ../fplib/microlib/fpfix.c                0x00000000   Number         0  dfixi.o ABSOLUTE
    ../fplib/microlib/fpfix.c                0x00000000   Number         0  ffixi.o ABSOLUTE
    ../fplib/microlib/fpfix.c                0x00000000   Number         0  ffixui.o ABSOLUTE
    ../fplib/microlib/fpfix.c                0x00000000   Number         0  dfixul.o ABSOLUTE
    ../fplib/microlib/fpflt.c                0x00000000   Number         0  fflti.o ABSOLUTE
    ../fplib/microlib/fpflt.c                0x00000000   Number         0  dflti.o ABSOLUTE
    ../fplib/microlib/fpflt.c                0x00000000   Number         0  dfltui.o ABSOLUTE
    ../fplib/microlib/fpflt.c                0x00000000   Number         0  ffltui.o ABSOLUTE
    ../fplib/microlib/fpmul.c                0x00000000   Number         0  fmul.o ABSOLUTE
    ../fplib/microlib/fpmul.c                0x00000000   Number         0  dmul.o ABSOLUTE
    ../fplib/microlib/fprem.c                0x00000000   Number         0  drem.o ABSOLUTE
    ../fplib/microlib/fpscalb.c              0x00000000   Number         0  dscalb.o ABSOLUTE
    ../fplib/microlib/fpsqrt.c               0x00000000   Number         0  dsqrt.o ABSOLUTE
    ../mathlib/dunder.c                      0x00000000   Number         0  dunder.o ABSOLUTE
    ../mathlib/floor.c                       0x00000000   Number         0  floor.o ABSOLUTE
    ../mathlib/fmax.c                        0x00000000   Number         0  fmax.o ABSOLUTE
    ../mathlib/fmod.c                        0x00000000   Number         0  fmod_x.o ABSOLUTE
    ../mathlib/fmod.c                        0x00000000   Number         0  fmod.o ABSOLUTE
    ../mathlib/sqrt.c                        0x00000000   Number         0  sqrt.o ABSOLUTE
    ../mathlib/sqrt.c                        0x00000000   Number         0  sqrt_x.o ABSOLUTE
    Hardware\NRF24L01.c                      0x00000000   Number         0  nrf24l01.o ABSOLUTE
    Hardware\adc.c                           0x00000000   Number         0  adc.o ABSOLUTE
    Hardware\delay.c                         0x00000000   Number         0  delay.o ABSOLUTE
    Hardware\iic.c                           0x00000000   Number         0  iic.o ABSOLUTE
    Hardware\timer.c                         0x00000000   Number         0  timer.o ABSOLUTE
    Hardware\usart.c                         0x00000000   Number         0  usart.o ABSOLUTE
    SimpleFOC\BLDCMotor.c                    0x00000000   Number         0  bldcmotor.o ABSOLUTE
    SimpleFOC\CurrentSensor.c                0x00000000   Number         0  currentsensor.o ABSOLUTE
    SimpleFOC\MPU6050.c                      0x00000000   Number         0  mpu6050.o ABSOLUTE
    SimpleFOC\MagneticSensor.c               0x00000000   Number         0  magneticsensor.o ABSOLUTE
    SimpleFOC\foc_utils.c                    0x00000000   Number         0  foc_utils.o ABSOLUTE
    SimpleFOC\lowpass_filter.c               0x00000000   Number         0  lowpass_filter.o ABSOLUTE
    SimpleFOC\pid.c                          0x00000000   Number         0  pid.o ABSOLUTE
    cdcmple.s                                0x00000000   Number         0  cdcmple.o ABSOLUTE
    cdrcmple.s                               0x00000000   Number         0  cdrcmple.o ABSOLUTE
    cfcmple.s                                0x00000000   Number         0  cfcmple.o ABSOLUTE
    cfrcmple.s                               0x00000000   Number         0  cfrcmple.o ABSOLUTE
    dc.s                                     0x00000000   Number         0  dc.o ABSOLUTE
    handlers.s                               0x00000000   Number         0  handlers.o ABSOLUTE
    init.s                                   0x00000000   Number         0  init.o ABSOLUTE
    lib\src\misc.c                           0x00000000   Number         0  misc.o ABSOLUTE
    lib\src\stm32f10x_adc.c                  0x00000000   Number         0  stm32f10x_adc.o ABSOLUTE
    lib\src\stm32f10x_bkp.c                  0x00000000   Number         0  stm32f10x_bkp.o ABSOLUTE
    lib\src\stm32f10x_can.c                  0x00000000   Number         0  stm32f10x_can.o ABSOLUTE
    lib\src\stm32f10x_cec.c                  0x00000000   Number         0  stm32f10x_cec.o ABSOLUTE
    lib\src\stm32f10x_crc.c                  0x00000000   Number         0  stm32f10x_crc.o ABSOLUTE
    lib\src\stm32f10x_dac.c                  0x00000000   Number         0  stm32f10x_dac.o ABSOLUTE
    lib\src\stm32f10x_dbgmcu.c               0x00000000   Number         0  stm32f10x_dbgmcu.o ABSOLUTE
    lib\src\stm32f10x_dma.c                  0x00000000   Number         0  stm32f10x_dma.o ABSOLUTE
    lib\src\stm32f10x_exti.c                 0x00000000   Number         0  stm32f10x_exti.o ABSOLUTE
    lib\src\stm32f10x_flash.c                0x00000000   Number         0  stm32f10x_flash.o ABSOLUTE
    lib\src\stm32f10x_fsmc.c                 0x00000000   Number         0  stm32f10x_fsmc.o ABSOLUTE
    lib\src\stm32f10x_gpio.c                 0x00000000   Number         0  stm32f10x_gpio.o ABSOLUTE
    lib\src\stm32f10x_i2c.c                  0x00000000   Number         0  stm32f10x_i2c.o ABSOLUTE
    lib\src\stm32f10x_iwdg.c                 0x00000000   Number         0  stm32f10x_iwdg.o ABSOLUTE
    lib\src\stm32f10x_pwr.c                  0x00000000   Number         0  stm32f10x_pwr.o ABSOLUTE
    lib\src\stm32f10x_rcc.c                  0x00000000   Number         0  stm32f10x_rcc.o ABSOLUTE
    lib\src\stm32f10x_rtc.c                  0x00000000   Number         0  stm32f10x_rtc.o ABSOLUTE
    lib\src\stm32f10x_sdio.c                 0x00000000   Number         0  stm32f10x_sdio.o ABSOLUTE
    lib\src\stm32f10x_spi.c                  0x00000000   Number         0  stm32f10x_spi.o ABSOLUTE
    lib\src\stm32f10x_tim.c                  0x00000000   Number         0  stm32f10x_tim.o ABSOLUTE
    lib\src\stm32f10x_usart.c                0x00000000   Number         0  stm32f10x_usart.o ABSOLUTE
    lib\src\stm32f10x_wwdg.c                 0x00000000   Number         0  stm32f10x_wwdg.o ABSOLUTE
    startup\\core_cm3.c                      0x00000000   Number         0  core_cm3.o ABSOLUTE
    startup\core_cm3.c                       0x00000000   Number         0  core_cm3.o ABSOLUTE
    startup\startup_stm32f10x_md.s           0x00000000   Number         0  startup_stm32f10x_md.o ABSOLUTE
    startup\system_stm32f10x.c               0x00000000   Number         0  system_stm32f10x.o ABSOLUTE
    user\main.c                              0x00000000   Number         0  main.o ABSOLUTE
    user\stm32f10x_it.c                      0x00000000   Number         0  stm32f10x_it.o ABSOLUTE
    RESET                                    0x08000000   Section      236  startup_stm32f10x_md.o(RESET)
    .ARM.Collect$$$$00000000                 0x080000ec   Section        0  entry.o(.ARM.Collect$$$$00000000)
    .ARM.Collect$$$$00000001                 0x080000ec   Section        4  entry2.o(.ARM.Collect$$$$00000001)
    .ARM.Collect$$$$00000004                 0x080000f0   Section        4  entry5.o(.ARM.Collect$$$$00000004)
    .ARM.Collect$$$$00000008                 0x080000f4   Section        0  entry7b.o(.ARM.Collect$$$$00000008)
    .ARM.Collect$$$$0000000A                 0x080000f4   Section        0  entry8b.o(.ARM.Collect$$$$0000000A)
    .ARM.Collect$$$$0000000B                 0x080000f4   Section        8  entry9a.o(.ARM.Collect$$$$0000000B)
    .ARM.Collect$$$$0000000D                 0x080000fc   Section        0  entry10a.o(.ARM.Collect$$$$0000000D)
    .ARM.Collect$$$$0000000F                 0x080000fc   Section        0  entry11a.o(.ARM.Collect$$$$0000000F)
    .ARM.Collect$$$$00002712                 0x080000fc   Section        4  entry2.o(.ARM.Collect$$$$00002712)
    __lit__00000000                          0x080000fc   Data           4  entry2.o(.ARM.Collect$$$$00002712)
    .text                                    0x08000100   Section       36  startup_stm32f10x_md.o(.text)
    .text                                    0x08000124   Section        0  atoi.o(.text)
    .text                                    0x0800013e   Section        0  fadd.o(.text)
    .text                                    0x080001ee   Section        0  fmul.o(.text)
    .text                                    0x08000252   Section        0  fdiv.o(.text)
    .text                                    0x080002ce   Section        0  dadd.o(.text)
    .text                                    0x0800041c   Section        0  dmul.o(.text)
    .text                                    0x08000500   Section        0  ddiv.o(.text)
    .text                                    0x080005de   Section        0  fflti.o(.text)
    .text                                    0x080005f0   Section        0  ffltui.o(.text)
    .text                                    0x080005fa   Section        0  dflti.o(.text)
    .text                                    0x0800061c   Section        0  dfltui.o(.text)
    .text                                    0x08000636   Section        0  ffixi.o(.text)
    .text                                    0x08000668   Section        0  ffixui.o(.text)
    .text                                    0x08000690   Section        0  dfixi.o(.text)
    .text                                    0x080006ce   Section        0  f2d.o(.text)
    .text                                    0x080006f4   Section       48  cdcmple.o(.text)
    .text                                    0x08000724   Section       48  cdrcmple.o(.text)
    .text                                    0x08000754   Section        0  d2f.o(.text)
    .text                                    0x0800078c   Section       20  cfcmple.o(.text)
    .text                                    0x080007a0   Section       20  cfrcmple.o(.text)
    .text                                    0x080007b4   Section        0  uidiv.o(.text)
    .text                                    0x080007e0   Section        0  uldiv.o(.text)
    .text                                    0x08000842   Section        0  llshl.o(.text)
    .text                                    0x08000860   Section        0  llushr.o(.text)
    .text                                    0x08000880   Section        0  llsshr.o(.text)
    .text                                    0x080008a4   Section        0  strtol.o(.text)
    .text                                    0x08000914   Section        0  fepilogue.o(.text)
    .text                                    0x08000914   Section        0  iusefp.o(.text)
    .text                                    0x08000982   Section        0  depilogue.o(.text)
    .text                                    0x08000a3c   Section        0  drem.o(.text)
    .text                                    0x08000ac2   Section        0  dfixul.o(.text)
    .text                                    0x08000af2   Section        0  dcmp4.o(.text)
    .text                                    0x08000b54   Section       36  init.o(.text)
    .text                                    0x08000b78   Section        0  ctype_o.o(.text)
    .text                                    0x08000b80   Section        0  _strtoul.o(.text)
    .text                                    0x08000c1e   Section        0  _chval.o(.text)
    i.ADC_Cmd                                0x08000c3a   Section        0  stm32f10x_adc.o(i.ADC_Cmd)
    i.ADC_DeInit                             0x08000c50   Section        0  stm32f10x_adc.o(i.ADC_DeInit)
    i.ADC_GetCalibrationStatus               0x08000cac   Section        0  stm32f10x_adc.o(i.ADC_GetCalibrationStatus)
    i.ADC_GetConversionValue                 0x08000cc0   Section        0  stm32f10x_adc.o(i.ADC_GetConversionValue)
    i.ADC_GetFlagStatus                      0x08000cc8   Section        0  stm32f10x_adc.o(i.ADC_GetFlagStatus)
    i.ADC_GetResetCalibrationStatus          0x08000cda   Section        0  stm32f10x_adc.o(i.ADC_GetResetCalibrationStatus)
    i.ADC_Init                               0x08000cf0   Section        0  stm32f10x_adc.o(i.ADC_Init)
    i.ADC_RegularChannelConfig               0x08000d40   Section        0  stm32f10x_adc.o(i.ADC_RegularChannelConfig)
    i.ADC_ResetCalibration                   0x08000df8   Section        0  stm32f10x_adc.o(i.ADC_ResetCalibration)
    i.ADC_SoftwareStartConvCmd               0x08000e02   Section        0  stm32f10x_adc.o(i.ADC_SoftwareStartConvCmd)
    i.ADC_StartCalibration                   0x08000e18   Section        0  stm32f10x_adc.o(i.ADC_StartCalibration)
    i.BusFault_Handler                       0x08000e22   Section        0  stm32f10x_it.o(i.BusFault_Handler)
    i.CurrentSensor_Init                     0x08000e28   Section        0  currentsensor.o(i.CurrentSensor_Init)
    i.DebugMon_Handler                       0x08000f50   Section        0  stm32f10x_it.o(i.DebugMon_Handler)
    i.GPIO_Init                              0x08000f52   Section        0  stm32f10x_gpio.o(i.GPIO_Init)
    i.GPIO_ReadInputDataBit                  0x08001068   Section        0  stm32f10x_gpio.o(i.GPIO_ReadInputDataBit)
    i.GPIO_ResetBits                         0x0800107a   Section        0  stm32f10x_gpio.o(i.GPIO_ResetBits)
    i.GPIO_SetBits                           0x0800107e   Section        0  stm32f10x_gpio.o(i.GPIO_SetBits)
    i.GPIO_WriteBit                          0x08001082   Section        0  stm32f10x_gpio.o(i.GPIO_WriteBit)
    i.HardFault_Handler                      0x0800108c   Section        0  stm32f10x_it.o(i.HardFault_Handler)
    i.I2C_AcknowledgeConfig                  0x08001090   Section        0  stm32f10x_i2c.o(i.I2C_AcknowledgeConfig)
    i.I2C_CheckEvent                         0x080010a8   Section        0  stm32f10x_i2c.o(i.I2C_CheckEvent)
    i.I2C_Cmd                                0x080010d2   Section        0  stm32f10x_i2c.o(i.I2C_Cmd)
    i.I2C_DeInit                             0x080010ec   Section        0  stm32f10x_i2c.o(i.I2C_DeInit)
    i.I2C_GenerateSTART                      0x08001124   Section        0  stm32f10x_i2c.o(i.I2C_GenerateSTART)
    i.I2C_GenerateSTOP                       0x0800113c   Section        0  stm32f10x_i2c.o(i.I2C_GenerateSTOP)
    i.I2C_Init                               0x08001154   Section        0  stm32f10x_i2c.o(i.I2C_Init)
    i.I2C_Init_                              0x08001240   Section        0  iic.o(i.I2C_Init_)
    i.I2C_ReceiveData                        0x080012f8   Section        0  stm32f10x_i2c.o(i.I2C_ReceiveData)
    i.I2C_Send7bitAddress                    0x08001300   Section        0  stm32f10x_i2c.o(i.I2C_Send7bitAddress)
    i.I2C_SendData                           0x08001312   Section        0  stm32f10x_i2c.o(i.I2C_SendData)
    i.I2C_getRawCount                        0x08001318   Section        0  magneticsensor.o(i.I2C_getRawCount)
    i.LowPassFilter_init                     0x08001454   Section        0  lowpass_filter.o(i.LowPassFilter_init)
    i.MPU6050_GetID                          0x0800145a   Section        0  mpu6050.o(i.MPU6050_GetID)
    i.MPU6050_Init                           0x08001468   Section        0  mpu6050.o(i.MPU6050_Init)
    i.MPU6050_ReadReg                        0x080014dc   Section        0  mpu6050.o(i.MPU6050_ReadReg)
    i.MPU6050_Update                         0x08001570   Section        0  mpu6050.o(i.MPU6050_Update)
    i.MPU6050_WaitEvent                      0x0800171c   Section        0  mpu6050.o(i.MPU6050_WaitEvent)
    i.MPU6050_WriteReg                       0x08001760   Section        0  mpu6050.o(i.MPU6050_WriteReg)
    i.MagneticSensor_Init                    0x080017c0   Section        0  magneticsensor.o(i.MagneticSensor_Init)
    i.MemManage_Handler                      0x080017e8   Section        0  stm32f10x_it.o(i.MemManage_Handler)
    i.Motor_enable                           0x080017ec   Section        0  bldcmotor.o(i.Motor_enable)
    i.Motor_init                             0x080017fc   Section        0  bldcmotor.o(i.Motor_init)
    i.NMI_Handler                            0x0800187c   Section        0  stm32f10x_it.o(i.NMI_Handler)
    i.NRF24L01_Check                         0x08001880   Section        0  nrf24l01.o(i.NRF24L01_Check)
    i.NRF24L01_GetRxBuf                      0x080018f0   Section        0  nrf24l01.o(i.NRF24L01_GetRxBuf)
    i.NRF24L01_Get_Value_Flag                0x08001936   Section        0  nrf24l01.o(i.NRF24L01_Get_Value_Flag)
    i.NRF24L01_Init                          0x0800193e   Section        0  nrf24l01.o(i.NRF24L01_Init)
    i.NRF24L01_Pin_Init                      0x08001954   Section        0  nrf24l01.o(i.NRF24L01_Pin_Init)
    i.NRF24L01_RT_Init                       0x08001a08   Section        0  nrf24l01.o(i.NRF24L01_RT_Init)
    i.NRF24L01_Read_Buf                      0x08001a74   Section        0  nrf24l01.o(i.NRF24L01_Read_Buf)
    i.NRF24L01_Read_Reg                      0x08001aac   Section        0  nrf24l01.o(i.NRF24L01_Read_Reg)
    i.NRF24L01_Write_Buf                     0x08001ace   Section        0  nrf24l01.o(i.NRF24L01_Write_Buf)
    i.NRF24L01_Write_Reg                     0x08001b06   Section        0  nrf24l01.o(i.NRF24L01_Write_Reg)
    i.NVIC_Init                              0x08001b2c   Section        0  misc.o(i.NVIC_Init)
    i.PID_Init                               0x08001b9c   Section        0  pid.o(i.PID_Init)
    i.PendSV_Handler                         0x08001bb6   Section        0  stm32f10x_it.o(i.PendSV_Handler)
    i.RCC_ADCCLKConfig                       0x08001bb8   Section        0  stm32f10x_rcc.o(i.RCC_ADCCLKConfig)
    i.RCC_APB1PeriphClockCmd                 0x08001bd0   Section        0  stm32f10x_rcc.o(i.RCC_APB1PeriphClockCmd)
    i.RCC_APB1PeriphResetCmd                 0x08001bf0   Section        0  stm32f10x_rcc.o(i.RCC_APB1PeriphResetCmd)
    i.RCC_APB2PeriphClockCmd                 0x08001c10   Section        0  stm32f10x_rcc.o(i.RCC_APB2PeriphClockCmd)
    i.RCC_APB2PeriphResetCmd                 0x08001c30   Section        0  stm32f10x_rcc.o(i.RCC_APB2PeriphResetCmd)
    i.RCC_GetClocksFreq                      0x08001c50   Section        0  stm32f10x_rcc.o(i.RCC_GetClocksFreq)
    i.R_IRQ                                  0x08001d24   Section        0  nrf24l01.o(i.R_IRQ)
    i.R_MISO                                 0x08001d38   Section        0  nrf24l01.o(i.R_MISO)
    i.SPI_SwapByte                           0x08001d4c   Section        0  nrf24l01.o(i.SPI_SwapByte)
    i.SVC_Handler                            0x08001d8c   Section        0  stm32f10x_it.o(i.SVC_Handler)
    i.SetSysClock                            0x08001d8e   Section        0  system_stm32f10x.o(i.SetSysClock)
    SetSysClock                              0x08001d8f   Thumb Code     8  system_stm32f10x.o(i.SetSysClock)
    i.SetSysClockTo72                        0x08001d98   Section        0  system_stm32f10x.o(i.SetSysClockTo72)
    SetSysClockTo72                          0x08001d99   Thumb Code   214  system_stm32f10x.o(i.SetSysClockTo72)
    i.SysTick_Handler                        0x08001e78   Section        0  stm32f10x_it.o(i.SysTick_Handler)
    i.SystemInit                             0x08001e7c   Section        0  system_stm32f10x.o(i.SystemInit)
    i.TIM2_PWM_Init                          0x08001edc   Section        0  timer.o(i.TIM2_PWM_Init)
    i.TIM3_PWM_Init                          0x08001f9c   Section        0  timer.o(i.TIM3_PWM_Init)
    i.TIM4_10us_Init                         0x08002068   Section        0  timer.o(i.TIM4_10us_Init)
    i.TIM4_IRQHandler                        0x080020bc   Section        0  timer.o(i.TIM4_IRQHandler)
    i.TIM_ARRPreloadConfig                   0x080020e8   Section        0  stm32f10x_tim.o(i.TIM_ARRPreloadConfig)
    i.TIM_ClearITPendingBit                  0x08002100   Section        0  stm32f10x_tim.o(i.TIM_ClearITPendingBit)
    i.TIM_Cmd                                0x08002106   Section        0  stm32f10x_tim.o(i.TIM_Cmd)
    i.TIM_DeInit                             0x08002120   Section        0  stm32f10x_tim.o(i.TIM_DeInit)
    i.TIM_GetITStatus                        0x08002308   Section        0  stm32f10x_tim.o(i.TIM_GetITStatus)
    i.TIM_ITConfig                           0x0800232a   Section        0  stm32f10x_tim.o(i.TIM_ITConfig)
    i.TIM_OC1Init                            0x0800233c   Section        0  stm32f10x_tim.o(i.TIM_OC1Init)
    i.TIM_OC1PreloadConfig                   0x080023d4   Section        0  stm32f10x_tim.o(i.TIM_OC1PreloadConfig)
    i.TIM_OC2Init                            0x080023e8   Section        0  stm32f10x_tim.o(i.TIM_OC2Init)
    i.TIM_OC2PreloadConfig                   0x0800248c   Section        0  stm32f10x_tim.o(i.TIM_OC2PreloadConfig)
    i.TIM_OC3Init                            0x080024a8   Section        0  stm32f10x_tim.o(i.TIM_OC3Init)
    i.TIM_OC3PreloadConfig                   0x08002548   Section        0  stm32f10x_tim.o(i.TIM_OC3PreloadConfig)
    i.TIM_OC4Init                            0x0800255c   Section        0  stm32f10x_tim.o(i.TIM_OC4Init)
    i.TIM_OC4PreloadConfig                   0x080025d8   Section        0  stm32f10x_tim.o(i.TIM_OC4PreloadConfig)
    i.TIM_SetCompare1                        0x080025f2   Section        0  stm32f10x_tim.o(i.TIM_SetCompare1)
    i.TIM_SetCompare2                        0x080025f6   Section        0  stm32f10x_tim.o(i.TIM_SetCompare2)
    i.TIM_SetCompare3                        0x080025fa   Section        0  stm32f10x_tim.o(i.TIM_SetCompare3)
    i.TIM_SetCompare4                        0x080025fe   Section        0  stm32f10x_tim.o(i.TIM_SetCompare4)
    i.TIM_TimeBaseInit                       0x08002604   Section        0  stm32f10x_tim.o(i.TIM_TimeBaseInit)
    i.USART1_IRQHandler                      0x080026a8   Section        0  usart.o(i.USART1_IRQHandler)
    i.USART_Cmd                              0x0800273c   Section        0  stm32f10x_usart.o(i.USART_Cmd)
    i.USART_GetITStatus                      0x08002754   Section        0  stm32f10x_usart.o(i.USART_GetITStatus)
    i.USART_ITConfig                         0x080027a8   Section        0  stm32f10x_usart.o(i.USART_ITConfig)
    i.USART_Init                             0x080027f4   Section        0  stm32f10x_usart.o(i.USART_Init)
    i.USART_ReceiveData                      0x080028cc   Section        0  stm32f10x_usart.o(i.USART_ReceiveData)
    i.UsageFault_Handler                     0x080028d6   Section        0  stm32f10x_it.o(i.UsageFault_Handler)
    i.W_CE                                   0x080028dc   Section        0  nrf24l01.o(i.W_CE)
    i.W_MOSI                                 0x080028f0   Section        0  nrf24l01.o(i.W_MOSI)
    i.W_SCK                                  0x08002908   Section        0  nrf24l01.o(i.W_SCK)
    i.W_SS                                   0x08002920   Section        0  nrf24l01.o(i.W_SS)
    i.__0printf                              0x08002938   Section        0  printfa.o(i.__0printf)
    i.__aeabi_errno_addr                     0x08002958   Section        0  errno.o(i.__aeabi_errno_addr)
    i.__mathlib_dbl_invalid                  0x08002960   Section        0  dunder.o(i.__mathlib_dbl_invalid)
    i.__scatterload_copy                     0x0800296c   Section       14  handlers.o(i.__scatterload_copy)
    i.__scatterload_null                     0x0800297a   Section        2  handlers.o(i.__scatterload_null)
    i.__scatterload_zeroinit                 0x0800297c   Section       14  handlers.o(i.__scatterload_zeroinit)
    i.__set_errno                            0x0800298c   Section        0  errno.o(i.__set_errno)
    i._atan2                                 0x08002998   Section        0  foc_utils.o(i._atan2)
    i._cos                                   0x08002ce8   Section        0  foc_utils.o(i._cos)
    i._fp_digits                             0x08002d54   Section        0  printfa.o(i._fp_digits)
    _fp_digits                               0x08002d55   Thumb Code   366  printfa.o(i._fp_digits)
    i._normalizeAngle                        0x08002ed8   Section        0  foc_utils.o(i._normalizeAngle)
    i._printf_core                           0x08002f2c   Section        0  printfa.o(i._printf_core)
    _printf_core                             0x08002f2d   Thumb Code  1744  printfa.o(i._printf_core)
    i._printf_post_padding                   0x08003608   Section        0  printfa.o(i._printf_post_padding)
    _printf_post_padding                     0x08003609   Thumb Code    36  printfa.o(i._printf_post_padding)
    i._printf_pre_padding                    0x0800362c   Section        0  printfa.o(i._printf_pre_padding)
    _printf_pre_padding                      0x0800362d   Thumb Code    46  printfa.o(i._printf_pre_padding)
    i._readADCVoltageInline                  0x0800365c   Section        0  adc.o(i._readADCVoltageInline)
    i._sin                                   0x080036a0   Section        0  foc_utils.o(i._sin)
    i._sqrtApprox                            0x08003938   Section        0  foc_utils.o(i._sqrtApprox)
    i.analogRead                             0x08003958   Section        0  adc.o(i.analogRead)
    i.cal_Iq_Id                              0x0800398c   Section        0  bldcmotor.o(i.cal_Iq_Id)
    i.commander_run                          0x08003a14   Section        0  main.o(i.commander_run)
    i.configureADCInline                     0x08003a60   Section        0  adc.o(i.configureADCInline)
    i.delay_ms                               0x08003b54   Section        0  delay.o(i.delay_ms)
    i.delay_us                               0x08003b9c   Section        0  delay.o(i.delay_us)
    i.electricalAngle                        0x08003bd2   Section        0  bldcmotor.o(i.electricalAngle)
    i.floor                                  0x08003c04   Section        0  floor.o(i.floor)
    i.fmax                                   0x08003ce0   Section        0  fmax.o(i.fmax)
    i.fmod                                   0x08003d24   Section        0  fmod.o(i.fmod)
    i.fputc                                  0x08003db8   Section        0  usart.o(i.fputc)
    i.getAngle                               0x08003dd4   Section        0  magneticsensor.o(i.getAngle)
    i.getLowPassFilter                       0x08003ec4   Section        0  lowpass_filter.o(i.getLowPassFilter)
    i.getPID                                 0x08003f20   Section        0  pid.o(i.getPID)
    i.getPhaseCurrents                       0x080040e0   Section        0  currentsensor.o(i.getPhaseCurrents)
    i.i2c_ReadMulti                          0x08004116   Section        0  mpu6050.o(i.i2c_ReadMulti)
    i.main                                   0x080041e4   Section        0  main.o(i.main)
    i.remote_control_run                     0x08004810   Section        0  main.o(i.remote_control_run)
    i.setPhaseVoltage                        0x080048e8   Section        0  bldcmotor.o(i.setPhaseVoltage)
    i.uart_init                              0x08004f98   Section        0  usart.o(i.uart_init)
    .constdata                               0x08005038   Section       10  nrf24l01.o(.constdata)
    .constdata                               0x08005044   Section      800  foc_utils.o(.constdata)
    .constdata                               0x08005364   Section      129  ctype_o.o(.constdata)
    .constdata                               0x080053e8   Section        4  ctype_o.o(.constdata)
    table                                    0x080053e8   Data           4  ctype_o.o(.constdata)
    .conststring                             0x080053ec   Section       98  main.o(.conststring)
    .data                                    0x20000000   Section       20  stm32f10x_rcc.o(.data)
    APBAHBPrescTable                         0x20000000   Data          16  stm32f10x_rcc.o(.data)
    ADCPrescTable                            0x20000010   Data           4  stm32f10x_rcc.o(.data)
    .data                                    0x20000014   Section        8  timer.o(.data)
    .data                                    0x2000001c   Section        6  usart.o(.data)
    .data                                    0x20000024   Section       28  main.o(.data)
    .data                                    0x20000040   Section        4  errno.o(.data)
    _errno                                   0x20000040   Data           4  errno.o(.data)
    .bss                                     0x20000044   Section      256  usart.o(.bss)
    .bss                                     0x20000144   Section       12  mpu6050.o(.bss)
    .bss                                     0x20000150   Section       32  main.o(.bss)
    STACK                                    0x20000170   Section     1024  startup_stm32f10x_md.o(STACK)

    Global Symbols

    Symbol Name                              Value     Ov Type        Size  Object(Section)

    BuildAttributes$$THM_ISAv4$P$D$K$B$S$PE$A:L22UL41UL21$X:L11$S22US41US21$IEEE1$IW$USESV6$~STKCKD$USESV7$~SHL$OTIME$ROPI$IEEEX$EBA8$MICROLIB$REQ8$PRES8$EABIv2 0x00000000   Number         0  anon$$obj.o ABSOLUTE
    __ARM_use_no_argv                        0x00000000   Number         0  main.o ABSOLUTE
    __use_no_errno                           0x00000000   Number         0  useno.o ABSOLUTE
    __use_no_exception_handling              0x00000000   Number         0  useno.o ABSOLUTE
    __use_no_fp                              0x00000000   Number         0  useno.o ABSOLUTE
    __use_no_heap                            0x00000000   Number         0  useno.o ABSOLUTE
    __use_no_heap_region                     0x00000000   Number         0  useno.o ABSOLUTE
    __use_no_semihosting                     0x00000000   Number         0  useno.o ABSOLUTE
    __use_no_semihosting_swi                 0x00000000   Number         0  useno.o ABSOLUTE
    __use_no_signal_handling                 0x00000000   Number         0  useno.o ABSOLUTE
    _printf_a                                0x00000000   Number         0  stubs.o ABSOLUTE
    _printf_c                                0x00000000   Number         0  stubs.o ABSOLUTE
    _printf_charcount                        0x00000000   Number         0  stubs.o ABSOLUTE
    _printf_d                                0x00000000   Number         0  stubs.o ABSOLUTE
    _printf_e                                0x00000000   Number         0  stubs.o ABSOLUTE
    _printf_f                                0x00000000   Number         0  stubs.o ABSOLUTE
    _printf_flags                            0x00000000   Number         0  stubs.o ABSOLUTE
    _printf_fp_dec                           0x00000000   Number         0  stubs.o ABSOLUTE
    _printf_fp_hex                           0x00000000   Number         0  stubs.o ABSOLUTE
    _printf_g                                0x00000000   Number         0  stubs.o ABSOLUTE
    _printf_i                                0x00000000   Number         0  stubs.o ABSOLUTE
    _printf_int_dec                          0x00000000   Number         0  stubs.o ABSOLUTE
    _printf_l                                0x00000000   Number         0  stubs.o ABSOLUTE
    _printf_lc                               0x00000000   Number         0  stubs.o ABSOLUTE
    _printf_ll                               0x00000000   Number         0  stubs.o ABSOLUTE
    _printf_lld                              0x00000000   Number         0  stubs.o ABSOLUTE
    _printf_lli                              0x00000000   Number         0  stubs.o ABSOLUTE
    _printf_llo                              0x00000000   Number         0  stubs.o ABSOLUTE
    _printf_llu                              0x00000000   Number         0  stubs.o ABSOLUTE
    _printf_llx                              0x00000000   Number         0  stubs.o ABSOLUTE
    _printf_longlong_dec                     0x00000000   Number         0  stubs.o ABSOLUTE
    _printf_longlong_hex                     0x00000000   Number         0  stubs.o ABSOLUTE
    _printf_longlong_oct                     0x00000000   Number         0  stubs.o ABSOLUTE
    _printf_ls                               0x00000000   Number         0  stubs.o ABSOLUTE
    _printf_mbtowc                           0x00000000   Number         0  stubs.o ABSOLUTE
    _printf_n                                0x00000000   Number         0  stubs.o ABSOLUTE
    _printf_o                                0x00000000   Number         0  stubs.o ABSOLUTE
    _printf_p                                0x00000000   Number         0  stubs.o ABSOLUTE
    _printf_percent                          0x00000000   Number         0  stubs.o ABSOLUTE
    _printf_pre_padding                      0x00000000   Number         0  stubs.o ABSOLUTE
    _printf_return_value                     0x00000000   Number         0  stubs.o ABSOLUTE
    _printf_s                                0x00000000   Number         0  stubs.o ABSOLUTE
    _printf_sizespec                         0x00000000   Number         0  stubs.o ABSOLUTE
    _printf_str                              0x00000000   Number         0  stubs.o ABSOLUTE
    _printf_truncate_signed                  0x00000000   Number         0  stubs.o ABSOLUTE
    _printf_truncate_unsigned                0x00000000   Number         0  stubs.o ABSOLUTE
    _printf_u                                0x00000000   Number         0  stubs.o ABSOLUTE
    _printf_wc                               0x00000000   Number         0  stubs.o ABSOLUTE
    _printf_wctomb                           0x00000000   Number         0  stubs.o ABSOLUTE
    _printf_widthprec                        0x00000000   Number         0  stubs.o ABSOLUTE
    _printf_x                                0x00000000   Number         0  stubs.o ABSOLUTE
    __cpp_initialize__aeabi_                  - Undefined Weak Reference
    __cxa_finalize                            - Undefined Weak Reference
    __decompress                              - Undefined Weak Reference
    _clock_init                               - Undefined Weak Reference
    _microlib_exit                            - Undefined Weak Reference
    __Vectors_Size                           0x000000ec   Number         0  startup_stm32f10x_md.o ABSOLUTE
    __Vectors                                0x08000000   Data           4  startup_stm32f10x_md.o(RESET)
    __Vectors_End                            0x080000ec   Data           0  startup_stm32f10x_md.o(RESET)
    __main                                   0x080000ed   Thumb Code     0  entry.o(.ARM.Collect$$$$00000000)
    _main_stk                                0x080000ed   Thumb Code     0  entry2.o(.ARM.Collect$$$$00000001)
    _main_scatterload                        0x080000f1   Thumb Code     0  entry5.o(.ARM.Collect$$$$00000004)
    __main_after_scatterload                 0x080000f5   Thumb Code     0  entry5.o(.ARM.Collect$$$$00000004)
    _main_clock                              0x080000f5   Thumb Code     0  entry7b.o(.ARM.Collect$$$$00000008)
    _main_cpp_init                           0x080000f5   Thumb Code     0  entry8b.o(.ARM.Collect$$$$0000000A)
    _main_init                               0x080000f5   Thumb Code     0  entry9a.o(.ARM.Collect$$$$0000000B)
    __rt_final_cpp                           0x080000fd   Thumb Code     0  entry10a.o(.ARM.Collect$$$$0000000D)
    __rt_final_exit                          0x080000fd   Thumb Code     0  entry11a.o(.ARM.Collect$$$$0000000F)
    Reset_Handler                            0x08000101   Thumb Code     8  startup_stm32f10x_md.o(.text)
    ADC1_2_IRQHandler                        0x0800011b   Thumb Code     0  startup_stm32f10x_md.o(.text)
    CAN1_RX1_IRQHandler                      0x0800011b   Thumb Code     0  startup_stm32f10x_md.o(.text)
    CAN1_SCE_IRQHandler                      0x0800011b   Thumb Code     0  startup_stm32f10x_md.o(.text)
    DMA1_Channel1_IRQHandler                 0x0800011b   Thumb Code     0  startup_stm32f10x_md.o(.text)
    DMA1_Channel2_IRQHandler                 0x0800011b   Thumb Code     0  startup_stm32f10x_md.o(.text)
    DMA1_Channel3_IRQHandler                 0x0800011b   Thumb Code     0  startup_stm32f10x_md.o(.text)
    DMA1_Channel4_IRQHandler                 0x0800011b   Thumb Code     0  startup_stm32f10x_md.o(.text)
    DMA1_Channel5_IRQHandler                 0x0800011b   Thumb Code     0  startup_stm32f10x_md.o(.text)
    DMA1_Channel6_IRQHandler                 0x0800011b   Thumb Code     0  startup_stm32f10x_md.o(.text)
    DMA1_Channel7_IRQHandler                 0x0800011b   Thumb Code     0  startup_stm32f10x_md.o(.text)
    EXTI0_IRQHandler                         0x0800011b   Thumb Code     0  startup_stm32f10x_md.o(.text)
    EXTI15_10_IRQHandler                     0x0800011b   Thumb Code     0  startup_stm32f10x_md.o(.text)
    EXTI1_IRQHandler                         0x0800011b   Thumb Code     0  startup_stm32f10x_md.o(.text)
    EXTI2_IRQHandler                         0x0800011b   Thumb Code     0  startup_stm32f10x_md.o(.text)
    EXTI3_IRQHandler                         0x0800011b   Thumb Code     0  startup_stm32f10x_md.o(.text)
    EXTI4_IRQHandler                         0x0800011b   Thumb Code     0  startup_stm32f10x_md.o(.text)
    EXTI9_5_IRQHandler                       0x0800011b   Thumb Code     0  startup_stm32f10x_md.o(.text)
    FLASH_IRQHandler                         0x0800011b   Thumb Code     0  startup_stm32f10x_md.o(.text)
    I2C1_ER_IRQHandler                       0x0800011b   Thumb Code     0  startup_stm32f10x_md.o(.text)
    I2C1_EV_IRQHandler                       0x0800011b   Thumb Code     0  startup_stm32f10x_md.o(.text)
    I2C2_ER_IRQHandler                       0x0800011b   Thumb Code     0  startup_stm32f10x_md.o(.text)
    I2C2_EV_IRQHandler                       0x0800011b   Thumb Code     0  startup_stm32f10x_md.o(.text)
    PVD_IRQHandler                           0x0800011b   Thumb Code     0  startup_stm32f10x_md.o(.text)
    RCC_IRQHandler                           0x0800011b   Thumb Code     0  startup_stm32f10x_md.o(.text)
    RTCAlarm_IRQHandler                      0x0800011b   Thumb Code     0  startup_stm32f10x_md.o(.text)
    RTC_IRQHandler                           0x0800011b   Thumb Code     0  startup_stm32f10x_md.o(.text)
    SPI1_IRQHandler                          0x0800011b   Thumb Code     0  startup_stm32f10x_md.o(.text)
    SPI2_IRQHandler                          0x0800011b   Thumb Code     0  startup_stm32f10x_md.o(.text)
    TAMPER_IRQHandler                        0x0800011b   Thumb Code     0  startup_stm32f10x_md.o(.text)
    TIM1_BRK_IRQHandler                      0x0800011b   Thumb Code     0  startup_stm32f10x_md.o(.text)
    TIM1_CC_IRQHandler                       0x0800011b   Thumb Code     0  startup_stm32f10x_md.o(.text)
    TIM1_TRG_COM_IRQHandler                  0x0800011b   Thumb Code     0  startup_stm32f10x_md.o(.text)
    TIM1_UP_IRQHandler                       0x0800011b   Thumb Code     0  startup_stm32f10x_md.o(.text)
    TIM2_IRQHandler                          0x0800011b   Thumb Code     0  startup_stm32f10x_md.o(.text)
    TIM3_IRQHandler                          0x0800011b   Thumb Code     0  startup_stm32f10x_md.o(.text)
    USART2_IRQHandler                        0x0800011b   Thumb Code     0  startup_stm32f10x_md.o(.text)
    USART3_IRQHandler                        0x0800011b   Thumb Code     0  startup_stm32f10x_md.o(.text)
    USBWakeUp_IRQHandler                     0x0800011b   Thumb Code     0  startup_stm32f10x_md.o(.text)
    USB_HP_CAN1_TX_IRQHandler                0x0800011b   Thumb Code     0  startup_stm32f10x_md.o(.text)
    USB_LP_CAN1_RX0_IRQHandler               0x0800011b   Thumb Code     0  startup_stm32f10x_md.o(.text)
    WWDG_IRQHandler                          0x0800011b   Thumb Code     0  startup_stm32f10x_md.o(.text)
    atoi                                     0x08000125   Thumb Code    26  atoi.o(.text)
    __aeabi_fadd                             0x0800013f   Thumb Code   164  fadd.o(.text)
    __aeabi_fsub                             0x080001e3   Thumb Code     6  fadd.o(.text)
    __aeabi_frsub                            0x080001e9   Thumb Code     6  fadd.o(.text)
    __aeabi_fmul                             0x080001ef   Thumb Code   100  fmul.o(.text)
    __aeabi_fdiv                             0x08000253   Thumb Code   124  fdiv.o(.text)
    __aeabi_dadd                             0x080002cf   Thumb Code   322  dadd.o(.text)
    __aeabi_dsub                             0x08000411   Thumb Code     6  dadd.o(.text)
    __aeabi_drsub                            0x08000417   Thumb Code     6  dadd.o(.text)
    __aeabi_dmul                             0x0800041d   Thumb Code   228  dmul.o(.text)
    __aeabi_ddiv                             0x08000501   Thumb Code   222  ddiv.o(.text)
    __aeabi_i2f                              0x080005df   Thumb Code    18  fflti.o(.text)
    __aeabi_ui2f                             0x080005f1   Thumb Code    10  ffltui.o(.text)
    __aeabi_i2d                              0x080005fb   Thumb Code    34  dflti.o(.text)
    __aeabi_ui2d                             0x0800061d   Thumb Code    26  dfltui.o(.text)
    __aeabi_f2iz                             0x08000637   Thumb Code    50  ffixi.o(.text)
    __aeabi_f2uiz                            0x08000669   Thumb Code    40  ffixui.o(.text)
    __aeabi_d2iz                             0x08000691   Thumb Code    62  dfixi.o(.text)
    __aeabi_f2d                              0x080006cf   Thumb Code    38  f2d.o(.text)
    __aeabi_cdcmpeq                          0x080006f5   Thumb Code     0  cdcmple.o(.text)
    __aeabi_cdcmple                          0x080006f5   Thumb Code    48  cdcmple.o(.text)
    __aeabi_cdrcmple                         0x08000725   Thumb Code    48  cdrcmple.o(.text)
    __aeabi_d2f                              0x08000755   Thumb Code    56  d2f.o(.text)
    __aeabi_cfcmpeq                          0x0800078d   Thumb Code     0  cfcmple.o(.text)
    __aeabi_cfcmple                          0x0800078d   Thumb Code    20  cfcmple.o(.text)
    __aeabi_cfrcmple                         0x080007a1   Thumb Code    20  cfrcmple.o(.text)
    __aeabi_uidiv                            0x080007b5   Thumb Code     0  uidiv.o(.text)
    __aeabi_uidivmod                         0x080007b5   Thumb Code    44  uidiv.o(.text)
    __aeabi_uldivmod                         0x080007e1   Thumb Code    98  uldiv.o(.text)
    __aeabi_llsl                             0x08000843   Thumb Code    30  llshl.o(.text)
    _ll_shift_l                              0x08000843   Thumb Code     0  llshl.o(.text)
    __aeabi_llsr                             0x08000861   Thumb Code    32  llushr.o(.text)
    _ll_ushift_r                             0x08000861   Thumb Code     0  llushr.o(.text)
    __aeabi_lasr                             0x08000881   Thumb Code    36  llsshr.o(.text)
    _ll_sshift_r                             0x08000881   Thumb Code     0  llsshr.o(.text)
    strtol                                   0x080008a5   Thumb Code   112  strtol.o(.text)
    __I$use$fp                               0x08000915   Thumb Code     0  iusefp.o(.text)
    _float_round                             0x08000915   Thumb Code    18  fepilogue.o(.text)
    _float_epilogue                          0x08000927   Thumb Code    92  fepilogue.o(.text)
    _double_round                            0x08000983   Thumb Code    30  depilogue.o(.text)
    _double_epilogue                         0x080009a1   Thumb Code   156  depilogue.o(.text)
    _drem                                    0x08000a3d   Thumb Code   134  drem.o(.text)
    __aeabi_d2ulz                            0x08000ac3   Thumb Code    48  dfixul.o(.text)
    __ARM_dcmp4                              0x08000af3   Thumb Code    96  dcmp4.o(.text)
    _dcmp4                                   0x08000af3   Thumb Code     0  dcmp4.o(.text)
    __scatterload                            0x08000b55   Thumb Code    28  init.o(.text)
    __scatterload_rt2                        0x08000b55   Thumb Code     0  init.o(.text)
    __rt_ctype_table                         0x08000b79   Thumb Code     4  ctype_o.o(.text)
    _strtoul                                 0x08000b81   Thumb Code   158  _strtoul.o(.text)
    _chval                                   0x08000c1f   Thumb Code    28  _chval.o(.text)
    ADC_Cmd                                  0x08000c3b   Thumb Code    22  stm32f10x_adc.o(i.ADC_Cmd)
    ADC_DeInit                               0x08000c51   Thumb Code    78  stm32f10x_adc.o(i.ADC_DeInit)
    ADC_GetCalibrationStatus                 0x08000cad   Thumb Code    20  stm32f10x_adc.o(i.ADC_GetCalibrationStatus)
    ADC_GetConversionValue                   0x08000cc1   Thumb Code     8  stm32f10x_adc.o(i.ADC_GetConversionValue)
    ADC_GetFlagStatus                        0x08000cc9   Thumb Code    18  stm32f10x_adc.o(i.ADC_GetFlagStatus)
    ADC_GetResetCalibrationStatus            0x08000cdb   Thumb Code    20  stm32f10x_adc.o(i.ADC_GetResetCalibrationStatus)
    ADC_Init                                 0x08000cf1   Thumb Code    70  stm32f10x_adc.o(i.ADC_Init)
    ADC_RegularChannelConfig                 0x08000d41   Thumb Code   184  stm32f10x_adc.o(i.ADC_RegularChannelConfig)
    ADC_ResetCalibration                     0x08000df9   Thumb Code    10  stm32f10x_adc.o(i.ADC_ResetCalibration)
    ADC_SoftwareStartConvCmd                 0x08000e03   Thumb Code    22  stm32f10x_adc.o(i.ADC_SoftwareStartConvCmd)
    ADC_StartCalibration                     0x08000e19   Thumb Code    10  stm32f10x_adc.o(i.ADC_StartCalibration)
    BusFault_Handler                         0x08000e23   Thumb Code     4  stm32f10x_it.o(i.BusFault_Handler)
    CurrentSensor_Init                       0x08000e29   Thumb Code   240  currentsensor.o(i.CurrentSensor_Init)
    DebugMon_Handler                         0x08000f51   Thumb Code     2  stm32f10x_it.o(i.DebugMon_Handler)
    GPIO_Init                                0x08000f53   Thumb Code   278  stm32f10x_gpio.o(i.GPIO_Init)
    GPIO_ReadInputDataBit                    0x08001069   Thumb Code    18  stm32f10x_gpio.o(i.GPIO_ReadInputDataBit)
    GPIO_ResetBits                           0x0800107b   Thumb Code     4  stm32f10x_gpio.o(i.GPIO_ResetBits)
    GPIO_SetBits                             0x0800107f   Thumb Code     4  stm32f10x_gpio.o(i.GPIO_SetBits)
    GPIO_WriteBit                            0x08001083   Thumb Code    10  stm32f10x_gpio.o(i.GPIO_WriteBit)
    HardFault_Handler                        0x0800108d   Thumb Code     4  stm32f10x_it.o(i.HardFault_Handler)
    I2C_AcknowledgeConfig                    0x08001091   Thumb Code    24  stm32f10x_i2c.o(i.I2C_AcknowledgeConfig)
    I2C_CheckEvent                           0x080010a9   Thumb Code    42  stm32f10x_i2c.o(i.I2C_CheckEvent)
    I2C_Cmd                                  0x080010d3   Thumb Code    24  stm32f10x_i2c.o(i.I2C_Cmd)
    I2C_DeInit                               0x080010ed   Thumb Code    50  stm32f10x_i2c.o(i.I2C_DeInit)
    I2C_GenerateSTART                        0x08001125   Thumb Code    24  stm32f10x_i2c.o(i.I2C_GenerateSTART)
    I2C_GenerateSTOP                         0x0800113d   Thumb Code    24  stm32f10x_i2c.o(i.I2C_GenerateSTOP)
    I2C_Init                                 0x08001155   Thumb Code   222  stm32f10x_i2c.o(i.I2C_Init)
    I2C_Init_                                0x08001241   Thumb Code   174  iic.o(i.I2C_Init_)
    I2C_ReceiveData                          0x080012f9   Thumb Code     8  stm32f10x_i2c.o(i.I2C_ReceiveData)
    I2C_Send7bitAddress                      0x08001301   Thumb Code    18  stm32f10x_i2c.o(i.I2C_Send7bitAddress)
    I2C_SendData                             0x08001313   Thumb Code     4  stm32f10x_i2c.o(i.I2C_SendData)
    I2C_getRawCount                          0x08001319   Thumb Code   288  magneticsensor.o(i.I2C_getRawCount)
    LowPassFilter_init                       0x08001455   Thumb Code     6  lowpass_filter.o(i.LowPassFilter_init)
    MPU6050_GetID                            0x0800145b   Thumb Code    14  mpu6050.o(i.MPU6050_GetID)
    MPU6050_Init                             0x08001469   Thumb Code    98  mpu6050.o(i.MPU6050_Init)
    MPU6050_ReadReg                          0x080014dd   Thumb Code   140  mpu6050.o(i.MPU6050_ReadReg)
    MPU6050_Update                           0x08001571   Thumb Code   400  mpu6050.o(i.MPU6050_Update)
    MPU6050_WaitEvent                        0x0800171d   Thumb Code    40  mpu6050.o(i.MPU6050_WaitEvent)
    MPU6050_WriteReg                         0x08001761   Thumb Code    88  mpu6050.o(i.MPU6050_WriteReg)
    MagneticSensor_Init                      0x080017c1   Thumb Code    40  magneticsensor.o(i.MagneticSensor_Init)
    MemManage_Handler                        0x080017e9   Thumb Code     4  stm32f10x_it.o(i.MemManage_Handler)
    Motor_enable                             0x080017ed   Thumb Code    14  bldcmotor.o(i.Motor_enable)
    Motor_init                               0x080017fd   Thumb Code   122  bldcmotor.o(i.Motor_init)
    NMI_Handler                              0x0800187d   Thumb Code     2  stm32f10x_it.o(i.NMI_Handler)
    NRF24L01_Check                           0x08001881   Thumb Code   102  nrf24l01.o(i.NRF24L01_Check)
    NRF24L01_GetRxBuf                        0x080018f1   Thumb Code    70  nrf24l01.o(i.NRF24L01_GetRxBuf)
    NRF24L01_Get_Value_Flag                  0x08001937   Thumb Code     8  nrf24l01.o(i.NRF24L01_Get_Value_Flag)
    NRF24L01_Init                            0x0800193f   Thumb Code    22  nrf24l01.o(i.NRF24L01_Init)
    NRF24L01_Pin_Init                        0x08001955   Thumb Code   172  nrf24l01.o(i.NRF24L01_Pin_Init)
    NRF24L01_RT_Init                         0x08001a09   Thumb Code   100  nrf24l01.o(i.NRF24L01_RT_Init)
    NRF24L01_Read_Buf                        0x08001a75   Thumb Code    56  nrf24l01.o(i.NRF24L01_Read_Buf)
    NRF24L01_Read_Reg                        0x08001aad   Thumb Code    34  nrf24l01.o(i.NRF24L01_Read_Reg)
    NRF24L01_Write_Buf                       0x08001acf   Thumb Code    56  nrf24l01.o(i.NRF24L01_Write_Buf)
    NRF24L01_Write_Reg                       0x08001b07   Thumb Code    36  nrf24l01.o(i.NRF24L01_Write_Reg)
    NVIC_Init                                0x08001b2d   Thumb Code   100  misc.o(i.NVIC_Init)
    PID_Init                                 0x08001b9d   Thumb Code    26  pid.o(i.PID_Init)
    PendSV_Handler                           0x08001bb7   Thumb Code     2  stm32f10x_it.o(i.PendSV_Handler)
    RCC_ADCCLKConfig                         0x08001bb9   Thumb Code    18  stm32f10x_rcc.o(i.RCC_ADCCLKConfig)
    RCC_APB1PeriphClockCmd                   0x08001bd1   Thumb Code    26  stm32f10x_rcc.o(i.RCC_APB1PeriphClockCmd)
    RCC_APB1PeriphResetCmd                   0x08001bf1   Thumb Code    26  stm32f10x_rcc.o(i.RCC_APB1PeriphResetCmd)
    RCC_APB2PeriphClockCmd                   0x08001c11   Thumb Code    26  stm32f10x_rcc.o(i.RCC_APB2PeriphClockCmd)
    RCC_APB2PeriphResetCmd                   0x08001c31   Thumb Code    26  stm32f10x_rcc.o(i.RCC_APB2PeriphResetCmd)
    RCC_GetClocksFreq                        0x08001c51   Thumb Code   192  stm32f10x_rcc.o(i.RCC_GetClocksFreq)
    R_IRQ                                    0x08001d25   Thumb Code    14  nrf24l01.o(i.R_IRQ)
    R_MISO                                   0x08001d39   Thumb Code    14  nrf24l01.o(i.R_MISO)
    SPI_SwapByte                             0x08001d4d   Thumb Code    64  nrf24l01.o(i.SPI_SwapByte)
    SVC_Handler                              0x08001d8d   Thumb Code     2  stm32f10x_it.o(i.SVC_Handler)
    SysTick_Handler                          0x08001e79   Thumb Code     2  stm32f10x_it.o(i.SysTick_Handler)
    SystemInit                               0x08001e7d   Thumb Code    78  system_stm32f10x.o(i.SystemInit)
    TIM2_PWM_Init                            0x08001edd   Thumb Code   188  timer.o(i.TIM2_PWM_Init)
    TIM3_PWM_Init                            0x08001f9d   Thumb Code   192  timer.o(i.TIM3_PWM_Init)
    TIM4_10us_Init                           0x08002069   Thumb Code    78  timer.o(i.TIM4_10us_Init)
    TIM4_IRQHandler                          0x080020bd   Thumb Code    34  timer.o(i.TIM4_IRQHandler)
    TIM_ARRPreloadConfig                     0x080020e9   Thumb Code    24  stm32f10x_tim.o(i.TIM_ARRPreloadConfig)
    TIM_ClearITPendingBit                    0x08002101   Thumb Code     6  stm32f10x_tim.o(i.TIM_ClearITPendingBit)
    TIM_Cmd                                  0x08002107   Thumb Code    24  stm32f10x_tim.o(i.TIM_Cmd)
    TIM_DeInit                               0x08002121   Thumb Code   424  stm32f10x_tim.o(i.TIM_DeInit)
    TIM_GetITStatus                          0x08002309   Thumb Code    34  stm32f10x_tim.o(i.TIM_GetITStatus)
    TIM_ITConfig                             0x0800232b   Thumb Code    18  stm32f10x_tim.o(i.TIM_ITConfig)
    TIM_OC1Init                              0x0800233d   Thumb Code   132  stm32f10x_tim.o(i.TIM_OC1Init)
    TIM_OC1PreloadConfig                     0x080023d5   Thumb Code    18  stm32f10x_tim.o(i.TIM_OC1PreloadConfig)
    TIM_OC2Init                              0x080023e9   Thumb Code   154  stm32f10x_tim.o(i.TIM_OC2Init)
    TIM_OC2PreloadConfig                     0x0800248d   Thumb Code    26  stm32f10x_tim.o(i.TIM_OC2PreloadConfig)
    TIM_OC3Init                              0x080024a9   Thumb Code   150  stm32f10x_tim.o(i.TIM_OC3Init)
    TIM_OC3PreloadConfig                     0x08002549   Thumb Code    18  stm32f10x_tim.o(i.TIM_OC3PreloadConfig)
    TIM_OC4Init                              0x0800255d   Thumb Code   114  stm32f10x_tim.o(i.TIM_OC4Init)
    TIM_OC4PreloadConfig                     0x080025d9   Thumb Code    26  stm32f10x_tim.o(i.TIM_OC4PreloadConfig)
    TIM_SetCompare1                          0x080025f3   Thumb Code     4  stm32f10x_tim.o(i.TIM_SetCompare1)
    TIM_SetCompare2                          0x080025f7   Thumb Code     4  stm32f10x_tim.o(i.TIM_SetCompare2)
    TIM_SetCompare3                          0x080025fb   Thumb Code     4  stm32f10x_tim.o(i.TIM_SetCompare3)
    TIM_SetCompare4                          0x080025ff   Thumb Code     6  stm32f10x_tim.o(i.TIM_SetCompare4)
    TIM_TimeBaseInit                         0x08002605   Thumb Code   122  stm32f10x_tim.o(i.TIM_TimeBaseInit)
    USART1_IRQHandler                        0x080026a9   Thumb Code   136  usart.o(i.USART1_IRQHandler)
    USART_Cmd                                0x0800273d   Thumb Code    24  stm32f10x_usart.o(i.USART_Cmd)
    USART_GetITStatus                        0x08002755   Thumb Code    84  stm32f10x_usart.o(i.USART_GetITStatus)
    USART_ITConfig                           0x080027a9   Thumb Code    74  stm32f10x_usart.o(i.USART_ITConfig)
    USART_Init                               0x080027f5   Thumb Code   210  stm32f10x_usart.o(i.USART_Init)
    USART_ReceiveData                        0x080028cd   Thumb Code    10  stm32f10x_usart.o(i.USART_ReceiveData)
    UsageFault_Handler                       0x080028d7   Thumb Code     4  stm32f10x_it.o(i.UsageFault_Handler)
    W_CE                                     0x080028dd   Thumb Code    16  nrf24l01.o(i.W_CE)
    W_MOSI                                   0x080028f1   Thumb Code    18  nrf24l01.o(i.W_MOSI)
    W_SCK                                    0x08002909   Thumb Code    18  nrf24l01.o(i.W_SCK)
    W_SS                                     0x08002921   Thumb Code    18  nrf24l01.o(i.W_SS)
    __0printf                                0x08002939   Thumb Code    22  printfa.o(i.__0printf)
    __1printf                                0x08002939   Thumb Code     0  printfa.o(i.__0printf)
    __2printf                                0x08002939   Thumb Code     0  printfa.o(i.__0printf)
    __c89printf                              0x08002939   Thumb Code     0  printfa.o(i.__0printf)
    printf                                   0x08002939   Thumb Code     0  printfa.o(i.__0printf)
    __aeabi_errno_addr                       0x08002959   Thumb Code     4  errno.o(i.__aeabi_errno_addr)
    __rt_errno_addr                          0x08002959   Thumb Code     0  errno.o(i.__aeabi_errno_addr)
    __mathlib_dbl_invalid                    0x08002961   Thumb Code    12  dunder.o(i.__mathlib_dbl_invalid)
    __scatterload_copy                       0x0800296d   Thumb Code    14  handlers.o(i.__scatterload_copy)
    __scatterload_null                       0x0800297b   Thumb Code     2  handlers.o(i.__scatterload_null)
    __scatterload_zeroinit                   0x0800297d   Thumb Code    14  handlers.o(i.__scatterload_zeroinit)
    __set_errno                              0x0800298d   Thumb Code     6  errno.o(i.__set_errno)
    _atan2                                   0x08002999   Thumb Code   808  foc_utils.o(i._atan2)
    _cos                                     0x08002ce9   Thumb Code    90  foc_utils.o(i._cos)
    _normalizeAngle                          0x08002ed9   Thumb Code    74  foc_utils.o(i._normalizeAngle)
    _readADCVoltageInline                    0x0800365d   Thumb Code    58  adc.o(i._readADCVoltageInline)
    _sin                                     0x080036a1   Thumb Code   612  foc_utils.o(i._sin)
    _sqrtApprox                              0x08003939   Thumb Code    26  foc_utils.o(i._sqrtApprox)
    analogRead                               0x08003959   Thumb Code    46  adc.o(i.analogRead)
    cal_Iq_Id                                0x0800398d   Thumb Code   122  bldcmotor.o(i.cal_Iq_Id)
    commander_run                            0x08003a15   Thumb Code    52  main.o(i.commander_run)
    configureADCInline                       0x08003a61   Thumb Code   232  adc.o(i.configureADCInline)
    delay_ms                                 0x08003b55   Thumb Code    72  delay.o(i.delay_ms)
    delay_us                                 0x08003b9d   Thumb Code    54  delay.o(i.delay_us)
    electricalAngle                          0x08003bd3   Thumb Code    48  bldcmotor.o(i.electricalAngle)
    floor                                    0x08003c05   Thumb Code   204  floor.o(i.floor)
    fmax                                     0x08003ce1   Thumb Code    66  fmax.o(i.fmax)
    fmod                                     0x08003d25   Thumb Code   144  fmod.o(i.fmod)
    fputc                                    0x08003db9   Thumb Code    24  usart.o(i.fputc)
    getAngle                                 0x08003dd5   Thumb Code   218  magneticsensor.o(i.getAngle)
    getLowPassFilter                         0x08003ec5   Thumb Code    76  lowpass_filter.o(i.getLowPassFilter)
    getPID                                   0x08003f21   Thumb Code   422  pid.o(i.getPID)
    getPhaseCurrents                         0x080040e1   Thumb Code    54  currentsensor.o(i.getPhaseCurrents)
    i2c_ReadMulti                            0x08004117   Thumb Code   206  mpu6050.o(i.i2c_ReadMulti)
    main                                     0x080041e5   Thumb Code  1568  main.o(i.main)
    remote_control_run                       0x08004811   Thumb Code   200  main.o(i.remote_control_run)
    setPhaseVoltage                          0x080048e9   Thumb Code  1704  bldcmotor.o(i.setPhaseVoltage)
    uart_init                                0x08004f99   Thumb Code   152  usart.o(i.uart_init)
    TX_ADDRESS                               0x08005038   Data           5  nrf24l01.o(.constdata)
    RX_ADDRESS                               0x0800503d   Data           5  nrf24l01.o(.constdata)
    sine_array                               0x08005044   Data         800  foc_utils.o(.constdata)
    __ctype_table                            0x08005364   Data         129  ctype_o.o(.constdata)
    Region$$Table$$Base                      0x08005450   Number         0  anon$$obj.o(Region$$Table)
    Region$$Table$$Limit                     0x08005470   Number         0  anon$$obj.o(Region$$Table)
    time_cntr                                0x20000014   Data           4  timer.o(.data)
    ulong_max_value                          0x20000018   Data           4  timer.o(.data)
    __stdout                                 0x2000001c   Data           4  usart.o(.data)
    USART_RX_STA                             0x20000020   Data           2  usart.o(.data)
    max_vel                                  0x20000024   Data           4  main.o(.data)
    max_steering                             0x20000028   Data           4  main.o(.data)
    voltage_supply                           0x2000002c   Data           4  main.o(.data)
    voltage_limit                            0x20000030   Data           4  main.o(.data)
    current_limit                            0x20000034   Data           4  main.o(.data)
    pole_pairs                               0x20000038   Data           4  main.o(.data)
    i2c_freq                                 0x2000003c   Data           4  main.o(.data)
    USART_RX_BUF                             0x20000044   Data         256  usart.o(.bss)
    mpu_data                                 0x20000144   Data          12  mpu6050.o(.bss)
    Buf                                      0x20000150   Data          32  main.o(.bss)
    __initial_sp                             0x20000570   Data           0  startup_stm32f10x_md.o(STACK)



==============================================================================

Memory Map of the image

  Image Entry point : 0x080000ed

  Load Region LR_IROM1 (Base: 0x08000000, Size: 0x000054b4, Max: 0x00010000, ABSOLUTE)

    Execution Region ER_IROM1 (Base: 0x08000000, Size: 0x00005470, Max: 0x00010000, ABSOLUTE)

    Base Addr    Size         Type   Attr      Idx    E Section Name        Object

    0x08000000   0x000000ec   Data   RO          132    RESET               startup_stm32f10x_md.o
    0x080000ec   0x00000000   Code   RO         3848  * .ARM.Collect$$$$00000000  mc_w.l(entry.o)
    0x080000ec   0x00000004   Code   RO         4166    .ARM.Collect$$$$00000001  mc_w.l(entry2.o)
    0x080000f0   0x00000004   Code   RO         4169    .ARM.Collect$$$$00000004  mc_w.l(entry5.o)
    0x080000f4   0x00000000   Code   RO         4171    .ARM.Collect$$$$00000008  mc_w.l(entry7b.o)
    0x080000f4   0x00000000   Code   RO         4173    .ARM.Collect$$$$0000000A  mc_w.l(entry8b.o)
    0x080000f4   0x00000008   Code   RO         4174    .ARM.Collect$$$$0000000B  mc_w.l(entry9a.o)
    0x080000fc   0x00000000   Code   RO         4176    .ARM.Collect$$$$0000000D  mc_w.l(entry10a.o)
    0x080000fc   0x00000000   Code   RO         4178    .ARM.Collect$$$$0000000F  mc_w.l(entry11a.o)
    0x080000fc   0x00000004   Code   RO         4167    .ARM.Collect$$$$00002712  mc_w.l(entry2.o)
    0x08000100   0x00000024   Code   RO          133    .text               startup_stm32f10x_md.o
    0x08000124   0x0000001a   Code   RO         4112    .text               mc_w.l(atoi.o)
    0x0800013e   0x000000b0   Code   RO         4114    .text               mf_w.l(fadd.o)
    0x080001ee   0x00000064   Code   RO         4116    .text               mf_w.l(fmul.o)
    0x08000252   0x0000007c   Code   RO         4118    .text               mf_w.l(fdiv.o)
    0x080002ce   0x0000014e   Code   RO         4120    .text               mf_w.l(dadd.o)
    0x0800041c   0x000000e4   Code   RO         4122    .text               mf_w.l(dmul.o)
    0x08000500   0x000000de   Code   RO         4124    .text               mf_w.l(ddiv.o)
    0x080005de   0x00000012   Code   RO         4126    .text               mf_w.l(fflti.o)
    0x080005f0   0x0000000a   Code   RO         4128    .text               mf_w.l(ffltui.o)
    0x080005fa   0x00000022   Code   RO         4130    .text               mf_w.l(dflti.o)
    0x0800061c   0x0000001a   Code   RO         4132    .text               mf_w.l(dfltui.o)
    0x08000636   0x00000032   Code   RO         4134    .text               mf_w.l(ffixi.o)
    0x08000668   0x00000028   Code   RO         4136    .text               mf_w.l(ffixui.o)
    0x08000690   0x0000003e   Code   RO         4138    .text               mf_w.l(dfixi.o)
    0x080006ce   0x00000026   Code   RO         4140    .text               mf_w.l(f2d.o)
    0x080006f4   0x00000030   Code   RO         4142    .text               mf_w.l(cdcmple.o)
    0x08000724   0x00000030   Code   RO         4144    .text               mf_w.l(cdrcmple.o)
    0x08000754   0x00000038   Code   RO         4146    .text               mf_w.l(d2f.o)
    0x0800078c   0x00000014   Code   RO         4148    .text               mf_w.l(cfcmple.o)
    0x080007a0   0x00000014   Code   RO         4150    .text               mf_w.l(cfrcmple.o)
    0x080007b4   0x0000002c   Code   RO         4180    .text               mc_w.l(uidiv.o)
    0x080007e0   0x00000062   Code   RO         4182    .text               mc_w.l(uldiv.o)
    0x08000842   0x0000001e   Code   RO         4184    .text               mc_w.l(llshl.o)
    0x08000860   0x00000020   Code   RO         4186    .text               mc_w.l(llushr.o)
    0x08000880   0x00000024   Code   RO         4188    .text               mc_w.l(llsshr.o)
    0x080008a4   0x00000070   Code   RO         4197    .text               mc_w.l(strtol.o)
    0x08000914   0x00000000   Code   RO         4199    .text               mc_w.l(iusefp.o)
    0x08000914   0x0000006e   Code   RO         4200    .text               mf_w.l(fepilogue.o)
    0x08000982   0x000000ba   Code   RO         4202    .text               mf_w.l(depilogue.o)
    0x08000a3c   0x00000086   Code   RO         4206    .text               mf_w.l(drem.o)
    0x08000ac2   0x00000030   Code   RO         4208    .text               mf_w.l(dfixul.o)
    0x08000af2   0x00000060   Code   RO         4210    .text               mf_w.l(dcmp4.o)
    0x08000b52   0x00000002   PAD
    0x08000b54   0x00000024   Code   RO         4212    .text               mc_w.l(init.o)
    0x08000b78   0x00000008   Code   RO         4214    .text               mc_w.l(ctype_o.o)
    0x08000b80   0x0000009e   Code   RO         4242    .text               mc_w.l(_strtoul.o)
    0x08000c1e   0x0000001c   Code   RO         4246    .text               mc_w.l(_chval.o)
    0x08000c3a   0x00000016   Code   RO          202    i.ADC_Cmd           stm32f10x_adc.o
    0x08000c50   0x0000005c   Code   RO          204    i.ADC_DeInit        stm32f10x_adc.o
    0x08000cac   0x00000014   Code   RO          210    i.ADC_GetCalibrationStatus  stm32f10x_adc.o
    0x08000cc0   0x00000008   Code   RO          211    i.ADC_GetConversionValue  stm32f10x_adc.o
    0x08000cc8   0x00000012   Code   RO          213    i.ADC_GetFlagStatus  stm32f10x_adc.o
    0x08000cda   0x00000014   Code   RO          216    i.ADC_GetResetCalibrationStatus  stm32f10x_adc.o
    0x08000cee   0x00000002   PAD
    0x08000cf0   0x00000050   Code   RO          220    i.ADC_Init          stm32f10x_adc.o
    0x08000d40   0x000000b8   Code   RO          224    i.ADC_RegularChannelConfig  stm32f10x_adc.o
    0x08000df8   0x0000000a   Code   RO          225    i.ADC_ResetCalibration  stm32f10x_adc.o
    0x08000e02   0x00000016   Code   RO          227    i.ADC_SoftwareStartConvCmd  stm32f10x_adc.o
    0x08000e18   0x0000000a   Code   RO          229    i.ADC_StartCalibration  stm32f10x_adc.o
    0x08000e22   0x00000004   Code   RO         3763    i.BusFault_Handler  stm32f10x_it.o
    0x08000e26   0x00000002   PAD
    0x08000e28   0x00000128   Code   RO         3601    i.CurrentSensor_Init  currentsensor.o
    0x08000f50   0x00000002   Code   RO         3764    i.DebugMon_Handler  stm32f10x_it.o
    0x08000f52   0x00000116   Code   RO         1311    i.GPIO_Init         stm32f10x_gpio.o
    0x08001068   0x00000012   Code   RO         1315    i.GPIO_ReadInputDataBit  stm32f10x_gpio.o
    0x0800107a   0x00000004   Code   RO         1318    i.GPIO_ResetBits    stm32f10x_gpio.o
    0x0800107e   0x00000004   Code   RO         1319    i.GPIO_SetBits      stm32f10x_gpio.o
    0x08001082   0x0000000a   Code   RO         1322    i.GPIO_WriteBit     stm32f10x_gpio.o
    0x0800108c   0x00000004   Code   RO         3765    i.HardFault_Handler  stm32f10x_it.o
    0x08001090   0x00000018   Code   RO         1420    i.I2C_AcknowledgeConfig  stm32f10x_i2c.o
    0x080010a8   0x0000002a   Code   RO         1422    i.I2C_CheckEvent    stm32f10x_i2c.o
    0x080010d2   0x00000018   Code   RO         1425    i.I2C_Cmd           stm32f10x_i2c.o
    0x080010ea   0x00000002   PAD
    0x080010ec   0x00000038   Code   RO         1428    i.I2C_DeInit        stm32f10x_i2c.o
    0x08001124   0x00000018   Code   RO         1432    i.I2C_GenerateSTART  stm32f10x_i2c.o
    0x0800113c   0x00000018   Code   RO         1433    i.I2C_GenerateSTOP  stm32f10x_i2c.o
    0x08001154   0x000000ec   Code   RO         1439    i.I2C_Init          stm32f10x_i2c.o
    0x08001240   0x000000b8   Code   RO         3231    i.I2C_Init_         iic.o
    0x080012f8   0x00000008   Code   RO         1444    i.I2C_ReceiveData   stm32f10x_i2c.o
    0x08001300   0x00000012   Code   RO         1446    i.I2C_Send7bitAddress  stm32f10x_i2c.o
    0x08001312   0x00000004   Code   RO         1447    i.I2C_SendData      stm32f10x_i2c.o
    0x08001316   0x00000002   PAD
    0x08001318   0x0000013c   Code   RO         3535    i.I2C_getRawCount   magneticsensor.o
    0x08001454   0x00000006   Code   RO         3565    i.LowPassFilter_init  lowpass_filter.o
    0x0800145a   0x0000000e   Code   RO         3623    i.MPU6050_GetID     mpu6050.o
    0x08001468   0x00000074   Code   RO         3624    i.MPU6050_Init      mpu6050.o
    0x080014dc   0x00000094   Code   RO         3625    i.MPU6050_ReadReg   mpu6050.o
    0x08001570   0x000001ac   Code   RO         3627    i.MPU6050_Update    mpu6050.o
    0x0800171c   0x00000044   Code   RO         3629    i.MPU6050_WaitEvent  mpu6050.o
    0x08001760   0x00000060   Code   RO         3630    i.MPU6050_WriteReg  mpu6050.o
    0x080017c0   0x00000028   Code   RO         3536    i.MagneticSensor_Init  magneticsensor.o
    0x080017e8   0x00000004   Code   RO         3766    i.MemManage_Handler  stm32f10x_it.o
    0x080017ec   0x0000000e   Code   RO         3458    i.Motor_enable      bldcmotor.o
    0x080017fa   0x00000002   PAD
    0x080017fc   0x00000080   Code   RO         3459    i.Motor_init        bldcmotor.o
    0x0800187c   0x00000002   Code   RO         3767    i.NMI_Handler       stm32f10x_it.o
    0x0800187e   0x00000002   PAD
    0x08001880   0x00000070   Code   RO         3273    i.NRF24L01_Check    nrf24l01.o
    0x080018f0   0x00000046   Code   RO         3274    i.NRF24L01_GetRxBuf  nrf24l01.o
    0x08001936   0x00000008   Code   RO         3275    i.NRF24L01_Get_Value_Flag  nrf24l01.o
    0x0800193e   0x00000016   Code   RO         3276    i.NRF24L01_Init     nrf24l01.o
    0x08001954   0x000000b4   Code   RO         3277    i.NRF24L01_Pin_Init  nrf24l01.o
    0x08001a08   0x0000006c   Code   RO         3278    i.NRF24L01_RT_Init  nrf24l01.o
    0x08001a74   0x00000038   Code   RO         3279    i.NRF24L01_Read_Buf  nrf24l01.o
    0x08001aac   0x00000022   Code   RO         3280    i.NRF24L01_Read_Reg  nrf24l01.o
    0x08001ace   0x00000038   Code   RO         3283    i.NRF24L01_Write_Buf  nrf24l01.o
    0x08001b06   0x00000024   Code   RO         3284    i.NRF24L01_Write_Reg  nrf24l01.o
    0x08001b2a   0x00000002   PAD
    0x08001b2c   0x00000070   Code   RO          137    i.NVIC_Init         misc.o
    0x08001b9c   0x0000001a   Code   RO         3583    i.PID_Init          pid.o
    0x08001bb6   0x00000002   Code   RO         3768    i.PendSV_Handler    stm32f10x_it.o
    0x08001bb8   0x00000018   Code   RO         1725    i.RCC_ADCCLKConfig  stm32f10x_rcc.o
    0x08001bd0   0x00000020   Code   RO         1727    i.RCC_APB1PeriphClockCmd  stm32f10x_rcc.o
    0x08001bf0   0x00000020   Code   RO         1728    i.RCC_APB1PeriphResetCmd  stm32f10x_rcc.o
    0x08001c10   0x00000020   Code   RO         1729    i.RCC_APB2PeriphClockCmd  stm32f10x_rcc.o
    0x08001c30   0x00000020   Code   RO         1730    i.RCC_APB2PeriphResetCmd  stm32f10x_rcc.o
    0x08001c50   0x000000d4   Code   RO         1737    i.RCC_GetClocksFreq  stm32f10x_rcc.o
    0x08001d24   0x00000014   Code   RO         3285    i.R_IRQ             nrf24l01.o
    0x08001d38   0x00000014   Code   RO         3286    i.R_MISO            nrf24l01.o
    0x08001d4c   0x00000040   Code   RO         3287    i.SPI_SwapByte      nrf24l01.o
    0x08001d8c   0x00000002   Code   RO         3769    i.SVC_Handler       stm32f10x_it.o
    0x08001d8e   0x00000008   Code   RO           17    i.SetSysClock       system_stm32f10x.o
    0x08001d96   0x00000002   PAD
    0x08001d98   0x000000e0   Code   RO           18    i.SetSysClockTo72   system_stm32f10x.o
    0x08001e78   0x00000002   Code   RO         3770    i.SysTick_Handler   stm32f10x_it.o
    0x08001e7a   0x00000002   PAD
    0x08001e7c   0x00000060   Code   RO           20    i.SystemInit        system_stm32f10x.o
    0x08001edc   0x000000c0   Code   RO         3127    i.TIM2_PWM_Init     timer.o
    0x08001f9c   0x000000cc   Code   RO         3128    i.TIM3_PWM_Init     timer.o
    0x08002068   0x00000054   Code   RO         3129    i.TIM4_10us_Init    timer.o
    0x080020bc   0x0000002c   Code   RO         3130    i.TIM4_IRQHandler   timer.o
    0x080020e8   0x00000018   Code   RO         2349    i.TIM_ARRPreloadConfig  stm32f10x_tim.o
    0x08002100   0x00000006   Code   RO         2356    i.TIM_ClearITPendingBit  stm32f10x_tim.o
    0x08002106   0x00000018   Code   RO         2361    i.TIM_Cmd           stm32f10x_tim.o
    0x0800211e   0x00000002   PAD
    0x08002120   0x000001e8   Code   RO         2366    i.TIM_DeInit        stm32f10x_tim.o
    0x08002308   0x00000022   Code   RO         2382    i.TIM_GetITStatus   stm32f10x_tim.o
    0x0800232a   0x00000012   Code   RO         2386    i.TIM_ITConfig      stm32f10x_tim.o
    0x0800233c   0x00000098   Code   RO         2390    i.TIM_OC1Init       stm32f10x_tim.o
    0x080023d4   0x00000012   Code   RO         2393    i.TIM_OC1PreloadConfig  stm32f10x_tim.o
    0x080023e6   0x00000002   PAD
    0x080023e8   0x000000a4   Code   RO         2395    i.TIM_OC2Init       stm32f10x_tim.o
    0x0800248c   0x0000001a   Code   RO         2398    i.TIM_OC2PreloadConfig  stm32f10x_tim.o
    0x080024a6   0x00000002   PAD
    0x080024a8   0x000000a0   Code   RO         2400    i.TIM_OC3Init       stm32f10x_tim.o
    0x08002548   0x00000012   Code   RO         2403    i.TIM_OC3PreloadConfig  stm32f10x_tim.o
    0x0800255a   0x00000002   PAD
    0x0800255c   0x0000007c   Code   RO         2405    i.TIM_OC4Init       stm32f10x_tim.o
    0x080025d8   0x0000001a   Code   RO         2407    i.TIM_OC4PreloadConfig  stm32f10x_tim.o
    0x080025f2   0x00000004   Code   RO         2422    i.TIM_SetCompare1   stm32f10x_tim.o
    0x080025f6   0x00000004   Code   RO         2423    i.TIM_SetCompare2   stm32f10x_tim.o
    0x080025fa   0x00000004   Code   RO         2424    i.TIM_SetCompare3   stm32f10x_tim.o
    0x080025fe   0x00000006   Code   RO         2425    i.TIM_SetCompare4   stm32f10x_tim.o
    0x08002604   0x000000a4   Code   RO         2432    i.TIM_TimeBaseInit  stm32f10x_tim.o
    0x080026a8   0x00000094   Code   RO         3190    i.USART1_IRQHandler  usart.o
    0x0800273c   0x00000018   Code   RO         2897    i.USART_Cmd         stm32f10x_usart.o
    0x08002754   0x00000054   Code   RO         2901    i.USART_GetITStatus  stm32f10x_usart.o
    0x080027a8   0x0000004a   Code   RO         2903    i.USART_ITConfig    stm32f10x_usart.o
    0x080027f2   0x00000002   PAD
    0x080027f4   0x000000d8   Code   RO         2904    i.USART_Init        stm32f10x_usart.o
    0x080028cc   0x0000000a   Code   RO         2911    i.USART_ReceiveData  stm32f10x_usart.o
    0x080028d6   0x00000004   Code   RO         3771    i.UsageFault_Handler  stm32f10x_it.o
    0x080028da   0x00000002   PAD
    0x080028dc   0x00000014   Code   RO         3288    i.W_CE              nrf24l01.o
    0x080028f0   0x00000018   Code   RO         3289    i.W_MOSI            nrf24l01.o
    0x08002908   0x00000018   Code   RO         3290    i.W_SCK             nrf24l01.o
    0x08002920   0x00000018   Code   RO         3291    i.W_SS              nrf24l01.o
    0x08002938   0x00000020   Code   RO         4084    i.__0printf         mc_w.l(printfa.o)
    0x08002958   0x00000008   Code   RO         4190    i.__aeabi_errno_addr  mc_w.l(errno.o)
    0x08002960   0x0000000c   Code   RO         4155    i.__mathlib_dbl_invalid  m_ws.l(dunder.o)
    0x0800296c   0x0000000e   Code   RO         4250    i.__scatterload_copy  mc_w.l(handlers.o)
    0x0800297a   0x00000002   Code   RO         4251    i.__scatterload_null  mc_w.l(handlers.o)
    0x0800297c   0x0000000e   Code   RO         4252    i.__scatterload_zeroinit  mc_w.l(handlers.o)
    0x0800298a   0x00000002   PAD
    0x0800298c   0x0000000c   Code   RO         4192    i.__set_errno       mc_w.l(errno.o)
    0x08002998   0x00000350   Code   RO         3405    i._atan2            foc_utils.o
    0x08002ce8   0x0000006c   Code   RO         3406    i._cos              foc_utils.o
    0x08002d54   0x00000184   Code   RO         4091    i._fp_digits        mc_w.l(printfa.o)
    0x08002ed8   0x00000054   Code   RO         3408    i._normalizeAngle   foc_utils.o
    0x08002f2c   0x000006dc   Code   RO         4092    i._printf_core      mc_w.l(printfa.o)
    0x08003608   0x00000024   Code   RO         4093    i._printf_post_padding  mc_w.l(printfa.o)
    0x0800362c   0x0000002e   Code   RO         4094    i._printf_pre_padding  mc_w.l(printfa.o)
    0x0800365a   0x00000002   PAD
    0x0800365c   0x00000044   Code   RO         3246    i._readADCVoltageInline  adc.o
    0x080036a0   0x00000298   Code   RO         3409    i._sin              foc_utils.o
    0x08003938   0x00000020   Code   RO         3410    i._sqrtApprox       foc_utils.o
    0x08003958   0x00000034   Code   RO         3247    i.analogRead        adc.o
    0x0800398c   0x00000088   Code   RO         3461    i.cal_Iq_Id         bldcmotor.o
    0x08003a14   0x0000004c   Code   RO         3700    i.commander_run     main.o
    0x08003a60   0x000000f4   Code   RO         3248    i.configureADCInline  adc.o
    0x08003b54   0x00000048   Code   RO         3163    i.delay_ms          delay.o
    0x08003b9c   0x00000036   Code   RO         3164    i.delay_us          delay.o
    0x08003bd2   0x00000030   Code   RO         3462    i.electricalAngle   bldcmotor.o
    0x08003c02   0x00000002   PAD
    0x08003c04   0x000000dc   Code   RO         3827    i.floor             m_ws.l(floor.o)
    0x08003ce0   0x00000042   Code   RO         3830    i.fmax              m_ws.l(fmax.o)
    0x08003d22   0x00000002   PAD
    0x08003d24   0x00000094   Code   RO         3833    i.fmod              m_ws.l(fmod.o)
    0x08003db8   0x0000001c   Code   RO         3192    i.fputc             usart.o
    0x08003dd4   0x000000f0   Code   RO         3537    i.getAngle          magneticsensor.o
    0x08003ec4   0x0000005c   Code   RO         3566    i.getLowPassFilter  lowpass_filter.o
    0x08003f20   0x000001c0   Code   RO         3584    i.getPID            pid.o
    0x080040e0   0x00000036   Code   RO         3602    i.getPhaseCurrents  currentsensor.o
    0x08004116   0x000000ce   Code   RO         3631    i.i2c_ReadMulti     mpu6050.o
    0x080041e4   0x0000062c   Code   RO         3701    i.main              main.o
    0x08004810   0x000000d8   Code   RO         3702    i.remote_control_run  main.o
    0x080048e8   0x000006b0   Code   RO         3463    i.setPhaseVoltage   bldcmotor.o
    0x08004f98   0x000000a0   Code   RO         3193    i.uart_init         usart.o
    0x08005038   0x0000000a   Data   RO         3292    .constdata          nrf24l01.o
    0x08005042   0x00000002   PAD
    0x08005044   0x00000320   Data   RO         3411    .constdata          foc_utils.o
    0x08005364   0x00000081   Data   RO         4215    .constdata          mc_w.l(ctype_o.o)
    0x080053e5   0x00000003   PAD
    0x080053e8   0x00000004   Data   RO         4216    .constdata          mc_w.l(ctype_o.o)
    0x080053ec   0x00000062   Data   RO         3704    .conststring        main.o
    0x0800544e   0x00000002   PAD
    0x08005450   0x00000020   Data   RO         4248    Region$$Table       anon$$obj.o


    Execution Region RW_IRAM1 (Base: 0x20000000, Size: 0x00000570, Max: 0x00005000, ABSOLUTE)

    Base Addr    Size         Type   Attr      Idx    E Section Name        Object

    0x20000000   0x00000014   Data   RW         1757    .data               stm32f10x_rcc.o
    0x20000014   0x00000008   Data   RW         3131    .data               timer.o
    0x2000001c   0x00000006   Data   RW         3195    .data               usart.o
    0x20000022   0x00000002   PAD
    0x20000024   0x0000001c   Data   RW         3705    .data               main.o
    0x20000040   0x00000004   Data   RW         4193    .data               mc_w.l(errno.o)
    0x20000044   0x00000100   Zero   RW         3194    .bss                usart.o
    0x20000144   0x0000000c   Zero   RW         3632    .bss                mpu6050.o
    0x20000150   0x00000020   Zero   RW         3703    .bss                main.o
    0x20000170   0x00000400   Zero   RW          130    STACK               startup_stm32f10x_md.o


==============================================================================

Image component sizes


      Code (inc. data)   RO Data    RW Data    ZI Data      Debug   Object Name

       364         28          0          0          0       1878   adc.o
      2038         84          0          0          0       6936   bldcmotor.o
         0          0          0          0          0       4540   core_cm3.o
       350         56          0          0          0       1892   currentsensor.o
       126          0          0          0          0       1042   delay.o
      1736        134        800          0          0       3948   foc_utils.o
       184         10          0          0          0        948   iic.o
        98         16          0          0          0       1452   lowpass_filter.o
       596         50          0          0          0       2719   magneticsensor.o
      1872        164         98         28         32       7358   main.o
       112         12          0          0          0     213292   misc.o
      1076         90          0          0         12       5812   mpu6050.o
       878         60         10          0          0       9899   nrf24l01.o
       474         26          0          0          0       1908   pid.o
        36          8        236          0       1024        780   startup_stm32f10x_md.o
       486         24          0          0          0       8150   stm32f10x_adc.o
       314          0          0          0          0       4004   stm32f10x_gpio.o
       460         20          0          0          0       7121   stm32f10x_i2c.o
        26          0          0          0          0       3738   stm32f10x_it.o
       364         50          0         20          0       5831   stm32f10x_rcc.o
      1464        156          0          0          0      11526   stm32f10x_tim.o
       408          6          0          0          0       4758   stm32f10x_usart.o
       328         28          0          0          0      53177   system_stm32f10x.o
       524         32          0          8          0       2687   timer.o
       336         24          0          6        256       3620   usart.o

    ----------------------------------------------------------------------
     14682       1078       1180         64       1324     369016   Object Totals
         0          0         32          0          0          0   (incl. Generated)
        32          0          4          2          0          0   (incl. Padding)

    ----------------------------------------------------------------------

      Code (inc. data)   RO Data    RW Data    ZI Data      Debug   Library Member Name

        12          0          0          0          0         68   dunder.o
       220         16          0          0          0         84   floor.o
        66          0          0          0          0         84   fmax.o
       148          4          0          0          0         88   fmod.o
        28          0          0          0          0         68   _chval.o
       158          0          0          0          0         92   _strtoul.o
        26          0          0          0          0         80   atoi.o
         8          4        133          0          0         68   ctype_o.o
         0          0          0          0          0          0   entry.o
         0          0          0          0          0          0   entry10a.o
         0          0          0          0          0          0   entry11a.o
         8          4          0          0          0          0   entry2.o
         4          0          0          0          0          0   entry5.o
         0          0          0          0          0          0   entry7b.o
         0          0          0          0          0          0   entry8b.o
         8          4          0          0          0          0   entry9a.o
        20         10          0          4          0        136   errno.o
        30          0          0          0          0          0   handlers.o
        36          8          0          0          0         68   init.o
         0          0          0          0          0          0   iusefp.o
        30          0          0          0          0         68   llshl.o
        36          0          0          0          0         68   llsshr.o
        32          0          0          0          0         68   llushr.o
      2258         90          0          0          0        452   printfa.o
       112          0          0          0          0         88   strtol.o
        44          0          0          0          0         80   uidiv.o
        98          0          0          0          0         92   uldiv.o
        48          0          0          0          0         68   cdcmple.o
        48          0          0          0          0         68   cdrcmple.o
        20          0          0          0          0         68   cfcmple.o
        20          0          0          0          0         68   cfrcmple.o
        56          0          0          0          0         88   d2f.o
       334          0          0          0          0        148   dadd.o
        96          0          0          0          0         80   dcmp4.o
       222          0          0          0          0        100   ddiv.o
       186          0          0          0          0        176   depilogue.o
        62          0          0          0          0         80   dfixi.o
        48          0          0          0          0         68   dfixul.o
        34          0          0          0          0         76   dflti.o
        26          0          0          0          0         76   dfltui.o
       228          0          0          0          0         96   dmul.o
       134          0          0          0          0         96   drem.o
        38          0          0          0          0         68   f2d.o
       176          0          0          0          0        140   fadd.o
       124          0          0          0          0         88   fdiv.o
       110          0          0          0          0        168   fepilogue.o
        50          0          0          0          0         68   ffixi.o
        40          0          0          0          0         68   ffixui.o
        18          0          0          0          0         68   fflti.o
        10          0          0          0          0         68   ffltui.o
       100          0          0          0          0         76   fmul.o

    ----------------------------------------------------------------------
      5618        140        136          4          0       3920   Library Totals
         8          0          3          0          0          0   (incl. Padding)

    ----------------------------------------------------------------------

      Code (inc. data)   RO Data    RW Data    ZI Data      Debug   Library Name

       446         20          0          0          0        324   m_ws.l
      2936        120        133          4          0       1428   mc_w.l
      2228          0          0          0          0       2168   mf_w.l

    ----------------------------------------------------------------------
      5618        140        136          4          0       3920   Library Totals

    ----------------------------------------------------------------------

==============================================================================


      Code (inc. data)   RO Data    RW Data    ZI Data      Debug   

     20300       1218       1316         68       1324     364404   Grand Totals
     20300       1218       1316         68       1324     364404   ELF Image Totals
     20300       1218       1316         68          0          0   ROM Totals

==============================================================================

    Total RO  Size (Code + RO Data)                21616 (  21.11kB)
    Total RW  Size (RW Data + ZI Data)              1392 (   1.36kB)
    Total ROM Size (Code + RO Data + RW Data)      21684 (  21.18kB)

==============================================================================

